NVIDIA A100-SXM4-80GB, 81920 MiB
c            cuda   c=  3 N=  524288 itr=1 acc=gpu:    1.976 s +- 0.001  peak 5.97 GiB  (3 subproblems)
c            cuda   c=  7 N=  524288 itr=1 acc=gpu:    1.992 s +- 0.001  peak 4.74 GiB  (7 subproblems)
c            cuda   c= 13 N=  524288 itr=1 acc=gpu:    2.011 s +- 0.001  peak 4.12 GiB  (13 subproblems)
c            cuda   c= 21 N=  524288 itr=1 acc=gpu:    2.039 s +- 0.001  peak 3.76 GiB  (21 subproblems)
c            cuda   c= 31 N=  524288 itr=1 acc=gpu:    2.079 s +- 0.001  peak 3.58 GiB  (31 subproblems)
c            cuda   c= 57 N=  524288 itr=1 acc=gpu:    2.156 s +- 0.002  peak 3.58 GiB  (57 subproblems)
c            cuda   c= 73 N=  524288 itr=1 acc=gpu:    2.192 s +- 0.003  peak 3.58 GiB  (73 subproblems)
c            cuda   c= 91 N=  524288 itr=1 acc=gpu:    2.237 s +- 0.002  peak 3.58 GiB  (91 subproblems)
c            cuda   c=133 N=  524288 itr=1 acc=gpu:    2.316 s +- 0.002  peak 3.58 GiB  (133 subproblems)
N_itr1_gpu   cuda   c=  7 N=   65536 itr=1 acc=gpu:    0.072 s +- 0.031  peak 0.59 GiB  (7 subproblems)
N_itr1_gpu   cuda   c=  7 N=  131072 itr=1 acc=gpu:    0.150 s +- 0.000  peak 1.19 GiB  (7 subproblems)
N_itr1_gpu   cuda   c=  7 N=  262144 itr=1 acc=gpu:    0.529 s +- 0.004  peak 2.37 GiB  (7 subproblems)
N_itr1_gpu   cuda   c=  7 N=  524288 itr=1 acc=gpu:    2.004 s +- 0.023  peak 4.74 GiB  (7 subproblems)
N_itr1_gpu   cuda   c=  7 N= 1048576 itr=1 acc=gpu:    7.818 s +- 0.017  peak 9.48 GiB  (7 subproblems)
N_itr1_gpu   cuda   c=  7 N= 2097152 itr=1 acc=gpu:   31.516 s +- 0.106  peak 18.97 GiB  (7 subproblems)
N_itr1_cpu   cuda   c=  7 N=   65536 itr=1 acc=cpu:    0.280 s +- 0.024  peak 0.35 GiB  (7 subproblems)
N_itr1_cpu   cuda   c=  7 N=  131072 itr=1 acc=cpu:    0.572 s +- 0.078  peak 0.70 GiB  (7 subproblems)
N_itr1_cpu   cuda   c=  7 N=  262144 itr=1 acc=cpu:    1.069 s +- 0.043  peak 1.40 GiB  (7 subproblems)
N_itr1_cpu   cuda   c=  7 N=  524288 itr=1 acc=cpu:    2.659 s +- 0.073  peak 2.80 GiB  (7 subproblems)
N_itr1_cpu   cuda   c=  7 N= 1048576 itr=1 acc=cpu:    9.228 s +- 0.137  peak 5.59 GiB  (7 subproblems)
N_itr1_cpu   cuda   c=  7 N= 2097152 itr=1 acc=cpu:   33.888 s +- 0.159  peak 11.19 GiB  (7 subproblems)
N_itr2_gpu   cuda   c=  7 N=   65536 itr=2 acc=gpu:    0.100 s +- 0.000  peak 0.45 GiB  (49 subproblems)
N_itr2_gpu   cuda   c=  7 N=  131072 itr=2 acc=gpu:    0.237 s +- 0.000  peak 0.90 GiB  (49 subproblems)
N_itr2_gpu   cuda   c=  7 N=  262144 itr=2 acc=gpu:    0.664 s +- 0.001  peak 1.79 GiB  (49 subproblems)
N_itr2_gpu   cuda   c=  7 N=  524288 itr=2 acc=gpu:    2.261 s +- 0.010  peak 3.58 GiB  (49 subproblems)
N_itr2_gpu   cuda   c=  7 N= 1048576 itr=2 acc=gpu:    8.390 s +- 0.034  peak 7.16 GiB  (49 subproblems)
N_itr2_gpu   cuda   c=  7 N= 2097152 itr=2 acc=gpu:   32.596 s +- 0.110  peak 14.33 GiB  (49 subproblems)
N_itr2_cpu   cuda   c=  7 N=   65536 itr=2 acc=cpu:    0.680 s +- 0.021  peak 0.31 GiB  (49 subproblems)
N_itr2_cpu   cuda   c=  7 N=  131072 itr=2 acc=cpu:    1.604 s +- 0.071  peak 0.62 GiB  (49 subproblems)
N_itr2_cpu   cuda   c=  7 N=  262144 itr=2 acc=cpu:    2.833 s +- 0.111  peak 1.25 GiB  (49 subproblems)
N_itr2_cpu   cuda   c=  7 N=  524288 itr=2 acc=cpu:    5.073 s +- 0.047  peak 2.50 GiB  (49 subproblems)
N_itr2_cpu   cuda   c=  7 N= 1048576 itr=2 acc=cpu:   10.410 s +- 0.116  peak 5.00 GiB  (49 subproblems)
N_itr2_cpu   cuda   c=  7 N= 2097152 itr=2 acc=cpu:   34.600 s +- 0.170  peak 10.00 GiB  (49 subproblems)
