NVIDIA A100-SXM4-80GB, 81920 MiB
c            wave_triton c=  3 N=  524288 itr=1 acc=gpu:    2.316 s +- 0.003  peak 10.81 GiB  (3 subproblems)
c            wave_triton c=  7 N=  524288 itr=1 acc=gpu:    2.342 s +- 0.003  peak 13.90 GiB  (7 subproblems)
c            wave_triton c= 13 N=  524288 itr=1 acc=gpu:    2.371 s +- 0.003  peak 16.99 GiB  (13 subproblems)
c            wave_triton c= 21 N=  524288 itr=1 acc=gpu:    2.418 s +- 0.004  peak 17.63 GiB  (21 subproblems)
c            wave_triton c= 31 N=  524288 itr=1 acc=gpu:    2.453 s +- 0.002  peak 18.80 GiB  (31 subproblems)
c            wave_triton c= 57 N=  524288 itr=1 acc=gpu:    2.499 s +- 0.003  peak 18.91 GiB  (57 subproblems)
c            wave_triton c= 73 N=  524288 itr=1 acc=gpu:    2.547 s +- 0.003  peak 18.97 GiB  (73 subproblems)
c            wave_triton c= 91 N=  524288 itr=1 acc=gpu:    2.567 s +- 0.004  peak 19.99 GiB  (91 subproblems)
c            wave_triton c=133 N=  524288 itr=1 acc=gpu:    2.627 s +- 0.003  peak 20.06 GiB  (133 subproblems)
N_itr1_gpu   wave_triton c=  7 N=   65536 itr=1 acc=gpu:    0.053 s +- 0.001  peak 2.13 GiB  (7 subproblems)
N_itr1_gpu   wave_triton c=  7 N=  131072 itr=1 acc=gpu:    0.173 s +- 0.001  peak 4.25 GiB  (7 subproblems)
N_itr1_gpu   wave_triton c=  7 N=  262144 itr=1 acc=gpu:    0.621 s +- 0.002  peak 8.48 GiB  (7 subproblems)
N_itr1_gpu   wave_triton c=  7 N=  524288 itr=1 acc=gpu:    2.345 s +- 0.003  peak 13.90 GiB  (7 subproblems)
N_itr1_gpu   wave_triton c=  7 N= 1048576 itr=1 acc=gpu:    9.156 s +- 0.003  peak 18.35 GiB  (7 subproblems)
N_itr1_gpu   wave_triton c=  7 N= 2097152 itr=1 acc=gpu:   36.809 s +- 0.108  peak 24.42 GiB  (7 subproblems)
N_itr1_cpu   wave_triton c=  7 N=   65536 itr=1 acc=cpu:    0.132 s +- 0.002  peak 2.00 GiB  (7 subproblems)
N_itr1_cpu   wave_triton c=  7 N=  131072 itr=1 acc=cpu:    0.313 s +- 0.002  peak 3.99 GiB  (7 subproblems)
N_itr1_cpu   wave_triton c=  7 N=  262144 itr=1 acc=cpu:    1.086 s +- 0.065  peak 7.98 GiB  (7 subproblems)
N_itr1_cpu   wave_triton c=  7 N=  524288 itr=1 acc=cpu:    3.071 s +- 0.070  peak 12.89 GiB  (7 subproblems)
N_itr1_cpu   wave_triton c=  7 N= 1048576 itr=1 acc=cpu:   11.020 s +- 0.019  peak 16.32 GiB  (7 subproblems)
N_itr1_cpu   wave_triton c=  7 N= 2097152 itr=1 acc=cpu:   41.022 s +- 0.103  peak 19.19 GiB  (7 subproblems)
N_itr2_gpu   wave_triton c=  7 N=   65536 itr=2 acc=gpu:    0.075 s +- 0.003  peak 5.24 GiB  (49 subproblems)
N_itr2_gpu   wave_triton c=  7 N=  131072 itr=2 acc=gpu:    0.215 s +- 0.001  peak 10.44 GiB  (49 subproblems)
N_itr2_gpu   wave_triton c=  7 N=  262144 itr=2 acc=gpu:    0.718 s +- 0.001  peak 19.72 GiB  (49 subproblems)
N_itr2_gpu   wave_triton c=  7 N=  524288 itr=2 acc=gpu:    2.516 s +- 0.002  peak 18.21 GiB  (49 subproblems)
N_itr2_gpu   wave_triton c=  7 N= 1048576 itr=2 acc=gpu:    9.542 s +- 0.003  peak 21.93 GiB  (49 subproblems)
N_itr2_gpu   wave_triton c=  7 N= 2097152 itr=2 acc=gpu:   37.230 s +- 0.044  peak 25.95 GiB  (49 subproblems)
N_itr2_cpu   wave_triton c=  7 N=   65536 itr=2 acc=cpu:    0.149 s +- 0.003  peak 5.11 GiB  (49 subproblems)
N_itr2_cpu   wave_triton c=  7 N=  131072 itr=2 acc=cpu:    0.465 s +- 0.136  peak 10.19 GiB  (49 subproblems)
N_itr2_cpu   wave_triton c=  7 N=  262144 itr=2 acc=cpu:    1.290 s +- 0.101  peak 19.22 GiB  (49 subproblems)
N_itr2_cpu   wave_triton c=  7 N=  524288 itr=2 acc=cpu:    3.713 s +- 0.165  peak 17.05 GiB  (49 subproblems)
N_itr2_cpu   wave_triton c=  7 N= 1048576 itr=2 acc=cpu:   12.708 s +- 0.075  peak 19.32 GiB  (49 subproblems)
N_itr2_cpu   wave_triton c=  7 N= 2097152 itr=2 acc=cpu:   44.938 s +- 0.131  peak 20.13 GiB  (49 subproblems)
c/cuda: c=3: 1.98s/5.97GiB, c=7: 1.99s/4.74GiB, c=13: 2.01s/4.12GiB, c=21: 2.04s/3.76GiB, c=31: 2.08s/3.58GiB, c=57: 2.16s/3.58GiB, c=73: 2.19s/3.58GiB, c=91: 2.24s/3.58GiB, c=133: 2.32s/3.58GiB
c/triton: c=3: 2.23s/5.97GiB, c=7: 2.24s/4.74GiB, c=13: 2.26s/4.12GiB, c=21: 2.29s/3.76GiB, c=31: 2.35s/3.58GiB, c=57: 2.44s/3.58GiB, c=73: 2.50s/3.58GiB, c=91: 2.59s/3.58GiB, c=133: 2.79s/3.58GiB
c/wave_cuda: c=3: 2.01s/5.61GiB, c=7: 2.02s/6.64GiB, c=13: 2.00s/7.68GiB, c=21: 2.02s/7.48GiB, c=31: 2.04s/7.56GiB, c=57: 2.08s/7.61GiB, c=73: 2.09s/7.64GiB, c=91: 2.08s/7.64GiB, c=133: 2.13s/7.67GiB
c/wave_triton: c=3: 2.32s/10.81GiB, c=7: 2.34s/13.90GiB, c=13: 2.37s/16.99GiB, c=21: 2.42s/17.63GiB, c=31: 2.45s/18.80GiB, c=57: 2.50s/18.91GiB, c=73: 2.55s/18.97GiB, c=91: 2.57s/19.99GiB, c=133: 2.63s/20.06GiB
N_itr1_gpu/cuda: t[s] = 7.222*(N/1e6)^2 + -0.1483*(N/1e6) + 0.06045 (R2 1.0000);  peak[GiB] = 9.043*(N/1e6) + 0.0003411 (R2 1.0000)
N_itr1_gpu/triton: t[s] = 8.046*(N/1e6)^2 + -0.04411*(N/1e6) + 0.03097 (R2 1.0000);  peak[GiB] = 9.043*(N/1e6) + 0.0003411 (R2 1.0000)
N_itr1_gpu/wave_cuda: t[s] = 7.431*(N/1e6)^2 + -0.1326*(N/1e6) + 0.02883 (R2 1.0000);  peak[GiB] = 8.472*(N/1e6) + 1.062 (R2 0.9864)
N_itr1_gpu/wave_triton: t[s] = 8.402*(N/1e6)^2 + -0.09223*(N/1e6) + 0.04697 (R2 1.0000);  peak[GiB] = 10.4*(N/1e6) + 4.761 (R2 0.8889)
N_itr1_cpu/cuda: t[s] = 7.164*(N/1e6)^2 + 1.017*(N/1e6) + 0.2492 (R2 1.0000);  peak[GiB] = 5.333*(N/1e6) + 0.001374 (R2 1.0000)
N_itr1_cpu/triton: t[s] = 8.133*(N/1e6)^2 + 0.4828*(N/1e6) + 0.1953 (R2 1.0000);  peak[GiB] = 4.924*(N/1e6) + 0.001057 (R2 1.0000)
N_itr1_cpu/wave_cuda: t[s] = 7.677*(N/1e6)^2 + 0.8603*(N/1e6) + 0.0007608 (R2 1.0000);  peak[GiB] = 5.75*(N/1e6) + 1.324 (R2 0.9481)
N_itr1_cpu/wave_triton: t[s] = 8.652*(N/1e6)^2 + 1.408*(N/1e6) + 0.01772 (R2 1.0000);  peak[GiB] = 7.924*(N/1e6) + 4.943 (R2 0.8040)
N_itr2_gpu/cuda: t[s] = 7.206*(N/1e6)^2 + 0.4034*(N/1e6) + 0.05619 (R2 1.0000);  peak[GiB] = 6.832*(N/1e6) + 1.903e-15 (R2 1.0000)
N_itr2_gpu/triton: t[s] = 7.885*(N/1e6)^2 + 0.3147*(N/1e6) + 0.06963 (R2 1.0000);  peak[GiB] = 6.832*(N/1e6) + 1.903e-15 (R2 1.0000)
N_itr2_gpu/wave_cuda: t[s] = 7.356*(N/1e6)^2 + 0.03199*(N/1e6) + 0.04671 (R2 1.0000);  peak[GiB] = 7.647*(N/1e6) + 2.634 (R2 0.9724)
N_itr2_gpu/wave_triton: t[s] = 8.255*(N/1e6)^2 + 0.4301*(N/1e6) + 0.02047 (R2 1.0000);  peak[GiB] = 7.946*(N/1e6) + 11.45 (R2 0.6473)
N_itr2_cpu/cuda: t[s] = 6.121*(N/1e6)^2 + 3.085*(N/1e6) + 1.096 (R2 0.9981);  peak[GiB] = 4.768*(N/1e6) + 1.079e-15 (R2 1.0000)
N_itr2_cpu/triton: t[s] = 7.581*(N/1e6)^2 + 0.7623*(N/1e6) + 1.105 (R2 0.9988);  peak[GiB] = 4.768*(N/1e6) + 1.079e-15 (R2 1.0000)
N_itr2_cpu/wave_cuda: t[s] = 7.953*(N/1e6)^2 + 1.923*(N/1e6) + -0.114 (R2 1.0000);  peak[GiB] = 4.826*(N/1e6) + 2.834 (R2 0.9203)
N_itr2_cpu/wave_triton: t[s] = 8.911*(N/1e6)^2 + 2.783*(N/1e6) + -0.07823 (R2 1.0000);  peak[GiB] = 5.126*(N/1e6) + 11.64 (R2 0.4228)
