NVIDIA A100-SXM4-80GB, 81920 MiB
c            wave_cuda c=  3 N=  524288 itr=1 acc=gpu:    2.010 s +- 0.001  peak 5.61 GiB  (3 subproblems)
c            wave_cuda c=  7 N=  524288 itr=1 acc=gpu:    2.018 s +- 0.026  peak 6.64 GiB  (7 subproblems)
c            wave_cuda c= 13 N=  524288 itr=1 acc=gpu:    2.005 s +- 0.005  peak 7.68 GiB  (13 subproblems)
c            wave_cuda c= 21 N=  524288 itr=1 acc=gpu:    2.015 s +- 0.005  peak 7.48 GiB  (21 subproblems)
c            wave_cuda c= 31 N=  524288 itr=1 acc=gpu:    2.036 s +- 0.004  peak 7.56 GiB  (31 subproblems)
c            wave_cuda c= 57 N=  524288 itr=1 acc=gpu:    2.076 s +- 0.045  peak 7.61 GiB  (57 subproblems)
c            wave_cuda c= 73 N=  524288 itr=1 acc=gpu:    2.086 s +- 0.004  peak 7.64 GiB  (73 subproblems)
c            wave_cuda c= 91 N=  524288 itr=1 acc=gpu:    2.085 s +- 0.004  peak 7.64 GiB  (91 subproblems)
c            wave_cuda c=133 N=  524288 itr=1 acc=gpu:    2.134 s +- 0.019  peak 7.67 GiB  (133 subproblems)
N_itr1_gpu   wave_cuda c=  7 N=   65536 itr=1 acc=gpu:    0.041 s +- 0.000  peak 0.83 GiB  (7 subproblems)
N_itr1_gpu   wave_cuda c=  7 N=  131072 itr=1 acc=gpu:    0.140 s +- 0.001  peak 1.66 GiB  (7 subproblems)
N_itr1_gpu   wave_cuda c=  7 N=  262144 itr=1 acc=gpu:    0.516 s +- 0.004  peak 3.32 GiB  (7 subproblems)
N_itr1_gpu   wave_cuda c=  7 N=  524288 itr=1 acc=gpu:    2.008 s +- 0.005  peak 6.64 GiB  (7 subproblems)
N_itr1_gpu   wave_cuda c=  7 N= 1048576 itr=1 acc=gpu:    8.052 s +- 0.014  peak 10.64 GiB  (7 subproblems)
N_itr1_gpu   wave_cuda c=  7 N= 2097152 itr=1 acc=gpu:   32.434 s +- 0.014  peak 18.25 GiB  (7 subproblems)
N_itr1_cpu   wave_cuda c=  7 N=   65536 itr=1 acc=cpu:    0.100 s +- 0.002  peak 0.71 GiB  (7 subproblems)
N_itr1_cpu   wave_cuda c=  7 N=  131072 itr=1 acc=cpu:    0.267 s +- 0.009  peak 1.41 GiB  (7 subproblems)
N_itr1_cpu   wave_cuda c=  7 N=  262144 itr=1 acc=cpu:    0.778 s +- 0.014  peak 2.82 GiB  (7 subproblems)
N_itr1_cpu   wave_cuda c=  7 N=  524288 itr=1 acc=cpu:    2.449 s +- 0.034  peak 5.63 GiB  (7 subproblems)
N_itr1_cpu   wave_cuda c=  7 N= 1048576 itr=1 acc=cpu:    9.412 s +- 0.088  peak 8.61 GiB  (7 subproblems)
N_itr1_cpu   wave_cuda c=  7 N= 2097152 itr=1 acc=cpu:   35.559 s +- 0.133  peak 12.50 GiB  (7 subproblems)
N_itr2_gpu   wave_cuda c=  7 N=   65536 itr=2 acc=gpu:    0.057 s +- 0.003  peak 1.62 GiB  (49 subproblems)
N_itr2_gpu   wave_cuda c=  7 N=  131072 itr=2 acc=gpu:    0.170 s +- 0.002  peak 3.22 GiB  (49 subproblems)
N_itr2_gpu   wave_cuda c=  7 N=  262144 itr=2 acc=gpu:    0.581 s +- 0.004  peak 5.87 GiB  (49 subproblems)
N_itr2_gpu   wave_cuda c=  7 N=  524288 itr=2 acc=gpu:    2.122 s +- 0.034  peak 7.53 GiB  (49 subproblems)
N_itr2_gpu   wave_cuda c=  7 N= 1048576 itr=2 acc=gpu:    8.137 s +- 0.007  peak 10.89 GiB  (49 subproblems)
N_itr2_gpu   wave_cuda c=  7 N= 2097152 itr=2 acc=gpu:   32.472 s +- 0.040  peak 18.25 GiB  (49 subproblems)
N_itr2_cpu   wave_cuda c=  7 N=   65536 itr=2 acc=cpu:    0.117 s +- 0.002  peak 1.49 GiB  (49 subproblems)
N_itr2_cpu   wave_cuda c=  7 N=  131072 itr=2 acc=cpu:    0.300 s +- 0.007  peak 2.97 GiB  (49 subproblems)
N_itr2_cpu   wave_cuda c=  7 N=  262144 itr=2 acc=cpu:    0.869 s +- 0.025  peak 5.36 GiB  (49 subproblems)
N_itr2_cpu   wave_cuda c=  7 N=  524288 itr=2 acc=cpu:    2.971 s +- 0.054  peak 6.37 GiB  (49 subproblems)
N_itr2_cpu   wave_cuda c=  7 N= 1048576 itr=2 acc=cpu:   10.744 s +- 0.085  peak 8.32 GiB  (49 subproblems)
N_itr2_cpu   wave_cuda c=  7 N= 2097152 itr=2 acc=cpu:   38.882 s +- 0.098  peak 12.41 GiB  (49 subproblems)
