NVIDIA A100-SXM4-80GB, 81920 MiB
c            c=  7 N=  524288 itr=1 acc=gpu:    1.989 s +- 0.001  peak 4.76 GiB  (7 subproblems)
c            c= 13 N=  524288 itr=1 acc=gpu:    2.009 s +- 0.001  peak 4.14 GiB  (13 subproblems)
c            c= 21 N=  524288 itr=1 acc=gpu:    2.037 s +- 0.000  peak 3.78 GiB  (21 subproblems)
c            c= 31 N=  524288 itr=1 acc=gpu:    2.076 s +- 0.001  peak 3.60 GiB  (31 subproblems)
c            c= 57 N=  524288 itr=1 acc=gpu:    2.154 s +- 0.000  peak 3.60 GiB  (57 subproblems)
c            c= 73 N=  524288 itr=1 acc=gpu:    2.189 s +- 0.001  peak 3.60 GiB  (73 subproblems)
c            c= 91 N=  524288 itr=1 acc=gpu:    2.235 s +- 0.000  peak 3.60 GiB  (91 subproblems)
c            c=133 N=  524288 itr=1 acc=gpu:    2.315 s +- 0.001  peak 3.60 GiB  (133 subproblems)
N_itr1_gpu   c=  7 N=   65536 itr=1 acc=gpu:    0.049 s +- 0.000  peak 0.59 GiB  (7 subproblems)
N_itr1_gpu   c=  7 N=  131072 itr=1 acc=gpu:    0.150 s +- 0.000  peak 1.19 GiB  (7 subproblems)
N_itr1_gpu   c=  7 N=  262144 itr=1 acc=gpu:    0.525 s +- 0.001  peak 2.38 GiB  (7 subproblems)
N_itr1_gpu   c=  7 N=  524288 itr=1 acc=gpu:    1.989 s +- 0.000  peak 4.76 GiB  (7 subproblems)
N_itr1_gpu   c=  7 N= 1048576 itr=1 acc=gpu:    7.780 s +- 0.005  peak 9.51 GiB  (7 subproblems)
N_itr1_gpu   c=  7 N= 2097152 itr=1 acc=gpu:   30.686 s +- 0.004  peak 19.03 GiB  (7 subproblems)
N_itr1_cpu   c=  7 N=   65536 itr=1 acc=cpu:    0.254 s +- 0.003  peak 0.35 GiB  (7 subproblems)
N_itr1_cpu   c=  7 N=  131072 itr=1 acc=cpu:    0.522 s +- 0.062  peak 0.70 GiB  (7 subproblems)
N_itr1_cpu   c=  7 N=  262144 itr=1 acc=cpu:    1.005 s +- 0.017  peak 1.40 GiB  (7 subproblems)
N_itr1_cpu   c=  7 N=  524288 itr=1 acc=cpu:    2.636 s +- 0.011  peak 2.80 GiB  (7 subproblems)
N_itr1_cpu   c=  7 N= 1048576 itr=1 acc=cpu:    9.056 s +- 0.021  peak 5.59 GiB  (7 subproblems)
N_itr1_cpu   c=  7 N= 2097152 itr=1 acc=cpu:   33.226 s +- 0.040  peak 11.19 GiB  (7 subproblems)
N_itr2_gpu   c=  7 N=   65536 itr=2 acc=gpu:    0.100 s +- 0.001  peak 0.45 GiB  (49 subproblems)
N_itr2_gpu   c=  7 N=  131072 itr=2 acc=gpu:    0.237 s +- 0.001  peak 0.90 GiB  (49 subproblems)
N_itr2_gpu   c=  7 N=  262144 itr=2 acc=gpu:    0.663 s +- 0.000  peak 1.80 GiB  (49 subproblems)
N_itr2_gpu   c=  7 N=  524288 itr=2 acc=gpu:    2.258 s +- 0.001  peak 3.60 GiB  (49 subproblems)
N_itr2_gpu   c=  7 N= 1048576 itr=2 acc=gpu:    8.309 s +- 0.001  peak 7.20 GiB  (49 subproblems)
N_itr2_gpu   c=  7 N= 2097152 itr=2 acc=gpu:   32.088 s +- 0.003  peak 14.39 GiB  (49 subproblems)
N_itr2_cpu   c=  7 N=   65536 itr=2 acc=cpu:    0.661 s +- 0.036  peak 0.31 GiB  (49 subproblems)
N_itr2_cpu   c=  7 N=  131072 itr=2 acc=cpu:    1.387 s +- 0.009  peak 0.62 GiB  (49 subproblems)
N_itr2_cpu   c=  7 N=  262144 itr=2 acc=cpu:    2.571 s +- 0.025  peak 1.25 GiB  (49 subproblems)
N_itr2_cpu   c=  7 N=  524288 itr=2 acc=cpu:    4.899 s +- 0.036  peak 2.50 GiB  (49 subproblems)
N_itr2_cpu   c=  7 N= 1048576 itr=2 acc=cpu:    9.956 s +- 0.031  peak 5.00 GiB  (49 subproblems)
N_itr2_cpu   c=  7 N= 2097152 itr=2 acc=cpu:   34.346 s +- 0.063  peak 10.00 GiB  (49 subproblems)
c sweep: c=7: 1.99s/4.76GiB, c=13: 2.01s/4.14GiB, c=21: 2.04s/3.78GiB, c=31: 2.08s/3.60GiB, c=57: 2.15s/3.60GiB, c=73: 2.19s/3.60GiB, c=91: 2.24s/3.60GiB, c=133: 2.31s/3.60GiB
N_itr1_gpu: t[s] = 6.886*(N/1e6)^2 + 0.1886*(N/1e6) + 0.004465 (R2 1.0000);  peak[GiB] = 9.073*(N/1e6) + 0.0003411 (R2 1.0000)
N_itr1_cpu: t[s] = 6.988*(N/1e6)^2 + 1.094*(N/1e6) + 0.2031 (R2 1.0000);  peak[GiB] = 5.333*(N/1e6) + 0.001374 (R2 1.0000)
N_itr2_gpu: t[s] = 7.047*(N/1e6)^2 + 0.4998*(N/1e6) + 0.04651 (R2 1.0000);  peak[GiB] = 6.862*(N/1e6) + 1.826e-15 (R2 1.0000)
N_itr2_cpu: t[s] = 6.344*(N/1e6)^2 + 2.523*(N/1e6) + 1.035 (R2 0.9980);  peak[GiB] = 4.768*(N/1e6) + 1.079e-15 (R2 1.0000)
