NVIDIA A100-SXM4-80GB, 81920 MiB
c            triton c=  3 N=  524288 itr=1 acc=gpu:    2.233 s +- 0.026  peak 5.97 GiB  (3 subproblems)
c            triton c=  7 N=  524288 itr=1 acc=gpu:    2.238 s +- 0.002  peak 4.74 GiB  (7 subproblems)
c            triton c= 13 N=  524288 itr=1 acc=gpu:    2.263 s +- 0.003  peak 4.12 GiB  (13 subproblems)
c            triton c= 21 N=  524288 itr=1 acc=gpu:    2.294 s +- 0.002  peak 3.76 GiB  (21 subproblems)
c            triton c= 31 N=  524288 itr=1 acc=gpu:    2.345 s +- 0.035  peak 3.58 GiB  (31 subproblems)
c            triton c= 57 N=  524288 itr=1 acc=gpu:    2.441 s +- 0.004  peak 3.58 GiB  (57 subproblems)
c            triton c= 73 N=  524288 itr=1 acc=gpu:    2.505 s +- 0.008  peak 3.58 GiB  (73 subproblems)
c            triton c= 91 N=  524288 itr=1 acc=gpu:    2.592 s +- 0.011  peak 3.58 GiB  (91 subproblems)
c            triton c=133 N=  524288 itr=1 acc=gpu:    2.785 s +- 0.006  peak 3.58 GiB  (133 subproblems)
N_itr1_gpu   triton c=  7 N=   65536 itr=1 acc=gpu:    0.053 s +- 0.002  peak 0.59 GiB  (7 subproblems)
N_itr1_gpu   triton c=  7 N=  131072 itr=1 acc=gpu:    0.160 s +- 0.001  peak 1.19 GiB  (7 subproblems)
N_itr1_gpu   triton c=  7 N=  262144 itr=1 acc=gpu:    0.581 s +- 0.000  peak 2.37 GiB  (7 subproblems)
N_itr1_gpu   triton c=  7 N=  524288 itr=1 acc=gpu:    2.234 s +- 0.001  peak 4.74 GiB  (7 subproblems)
N_itr1_gpu   triton c=  7 N= 1048576 itr=1 acc=gpu:    8.818 s +- 0.009  peak 9.48 GiB  (7 subproblems)
N_itr1_gpu   triton c=  7 N= 2097152 itr=1 acc=gpu:   35.326 s +- 0.016  peak 18.97 GiB  (7 subproblems)
N_itr1_cpu   triton c=  7 N=   65536 itr=1 acc=cpu:    0.241 s +- 0.021  peak 0.32 GiB  (7 subproblems)
N_itr1_cpu   triton c=  7 N=  131072 itr=1 acc=cpu:    0.433 s +- 0.005  peak 0.65 GiB  (7 subproblems)
N_itr1_cpu   triton c=  7 N=  262144 itr=1 acc=cpu:    0.880 s +- 0.009  peak 1.29 GiB  (7 subproblems)
N_itr1_cpu   triton c=  7 N=  524288 itr=1 acc=cpu:    2.662 s +- 0.002  peak 2.58 GiB  (7 subproblems)
N_itr1_cpu   triton c=  7 N= 1048576 itr=1 acc=cpu:    9.656 s +- 0.010  peak 5.16 GiB  (7 subproblems)
N_itr1_cpu   triton c=  7 N= 2097152 itr=1 acc=cpu:   36.978 s +- 0.024  peak 10.33 GiB  (7 subproblems)
N_itr2_gpu   triton c=  7 N=   65536 itr=2 acc=gpu:    0.125 s +- 0.001  peak 0.45 GiB  (49 subproblems)
N_itr2_gpu   triton c=  7 N=  131072 itr=2 acc=gpu:    0.243 s +- 0.001  peak 0.90 GiB  (49 subproblems)
N_itr2_gpu   triton c=  7 N=  262144 itr=2 acc=gpu:    0.695 s +- 0.002  peak 1.79 GiB  (49 subproblems)
N_itr2_gpu   triton c=  7 N=  524288 itr=2 acc=gpu:    2.408 s +- 0.001  peak 3.58 GiB  (49 subproblems)
N_itr2_gpu   triton c=  7 N= 1048576 itr=2 acc=gpu:    9.065 s +- 0.005  peak 7.16 GiB  (49 subproblems)
N_itr2_gpu   triton c=  7 N= 2097152 itr=2 acc=gpu:   35.408 s +- 0.017  peak 14.33 GiB  (49 subproblems)
N_itr2_cpu   triton c=  7 N=   65536 itr=2 acc=cpu:    0.664 s +- 0.017  peak 0.31 GiB  (49 subproblems)
N_itr2_cpu   triton c=  7 N=  131072 itr=2 acc=cpu:    1.320 s +- 0.010  peak 0.62 GiB  (49 subproblems)
N_itr2_cpu   triton c=  7 N=  262144 itr=2 acc=cpu:    2.223 s +- 0.013  peak 1.25 GiB  (49 subproblems)
N_itr2_cpu   triton c=  7 N=  524288 itr=2 acc=cpu:    4.190 s +- 0.043  peak 2.50 GiB  (49 subproblems)
N_itr2_cpu   triton c=  7 N= 1048576 itr=2 acc=cpu:    9.681 s +- 0.010  peak 5.00 GiB  (49 subproblems)
N_itr2_cpu   triton c=  7 N= 2097152 itr=2 acc=cpu:   36.142 s +- 0.030  peak 10.00 GiB  (49 subproblems)
