NVIDIA A100-SXM4-80GB, 81920 MiB
co-tenants: 0
NVIDIA A100-SXM4-80GB
sweep BM=64 BN=64 warps=4 stages=2: 30.60 ms
sweep BM=64 BN=64 warps=4 stages=3: 25.93 ms
sweep BM=64 BN=64 warps=4 stages=4: 25.91 ms
sweep BM=64 BN=64 warps=8 stages=2: 45.80 ms
sweep BM=64 BN=64 warps=8 stages=3: 41.45 ms
sweep BM=64 BN=64 warps=8 stages=4: 41.48 ms
sweep BM=64 BN=128 warps=4 stages=2: 26.86 ms
sweep BM=64 BN=128 warps=4 stages=3: 39.42 ms
sweep BM=64 BN=128 warps=4 stages=4: 38.72 ms
sweep BM=64 BN=128 warps=8 stages=2: 34.10 ms
sweep BM=64 BN=128 warps=8 stages=3: 32.28 ms
sweep BM=64 BN=128 warps=8 stages=4: 32.30 ms
sweep BM=128 BN=64 warps=4 stages=2: 23.37 ms
sweep BM=128 BN=64 warps=4 stages=3: 22.59 ms
sweep BM=128 BN=64 warps=4 stages=4: 22.61 ms
sweep BM=128 BN=64 warps=8 stages=2: 32.57 ms
sweep BM=128 BN=64 warps=8 stages=3: 30.46 ms
sweep BM=128 BN=64 warps=8 stages=4: 31.34 ms
sweep BM=128 BN=128 warps=4 stages=2: 27.81 ms
sweep BM=128 BN=128 warps=4 stages=3: 42.27 ms
sweep BM=128 BN=128 warps=4 stages=4: 43.87 ms
sweep BM=128 BN=128 warps=8 stages=2: 29.48 ms
sweep BM=128 BN=128 warps=8 stages=3: 28.51 ms
sweep BM=128 BN=128 warps=8 stages=4: 28.49 ms
best: (22.594969177246092, {'block_m': 128, 'block_n': 64, 'num_warps': 4, 'num_stages': 3})
N=  16384 L=  7023 causal=1: fa2    0.42  triton plain    0.46  triton CQS    1.48  native CQS    1.27   triton/native 1.17
N=  32768 L= 14044 causal=1: fa2    1.31  triton plain    1.49  triton CQS    2.57  native CQS    3.09   triton/native 0.83
N=  65536 L= 28088 causal=1: fa2    4.58  triton plain    5.26  triton CQS    6.89  native CQS    8.05   triton/native 0.86
N= 131072 L= 56175 causal=1: fa2   16.93  triton plain   19.50  triton CQS   22.47  native CQS   24.68   triton/native 0.91
N=  16384 L=  7023 causal=0: fa2    0.70  triton plain    0.75  triton CQS    1.63  native CQS    2.28   triton/native 0.72
N=  32768 L= 14044 causal=0: fa2    2.39  triton plain    2.60  triton CQS    3.45  native CQS    5.46   triton/native 0.63
N=  65536 L= 28088 causal=0: fa2    8.87  triton plain    9.66  triton CQS   10.40  native CQS   15.08   triton/native 0.69
N= 131072 L= 56175 causal=0: fa2   34.14  triton plain   37.34  triton CQS   36.42  native CQS   48.81   triton/native 0.75
engine N=  262144 acc=gpu device inputs  inner=native:    0.53 s  (vs native engine rel 0.0e+00)
engine N=  262144 acc=gpu device inputs  inner=triton:    0.59 s  (vs native engine rel 2.2e-04)
engine N=  262144 acc=cpu host inputs    inner=native:    0.91 s  (vs native engine rel 0.0e+00)
engine N=  262144 acc=cpu host inputs    inner=triton:    1.17 s  (vs native engine rel 2.2e-04)
engine N= 1048576 acc=gpu device inputs  inner=native:    7.81 s  (vs native engine rel 0.0e+00)
engine N= 1048576 acc=gpu device inputs  inner=triton:    8.95 s  (vs native engine rel 2.5e-04)
engine N= 1048576 acc=cpu host inputs    inner=native:    9.47 s  (vs native engine rel 0.0e+00)
engine N= 1048576 acc=cpu host inputs    inner=triton:   11.22 s  (vs native engine rel 2.5e-04)
