NVIDIA A100 80GB PCIe
=============== cqsa_cuda_next_v3 pattern=fa2 causal=0
[3008085] python3.11@127.0.0.1
  void flash_fwd_kernel<Flash_fwd_kernel_traits<64, 128, 128, 4, 0, 0, half_t, Flash_kernel_traits<64, 128, 128, 4, half_t>>, 0, 0, 0, 0, 0, 1, 0, 0>(Flash_fwd_params) (439, 1, 8)x(128, 1, 1), Context 1, Stream 7, Device 0, CC 8.0

    NVTX Push/Pop Stack for Thread 3008085:
      <default domain>
        <0,measure>
    Section: GPU Speed Of Light Throughput
    ----------------------- ----------- -------------
    Metric Name             Metric Unit  Metric Value
    ----------------------- ----------- -------------
    DRAM Frequency                  Ghz          1.51
    SM Frequency                    Ghz          1.06
    Elapsed Cycles                cycle    47,876,270
    Memory Throughput                 %         41.44
    DRAM Throughput                   %          0.59
    Duration                         ms         44.96
    L1/TEX Cache Throughput           %         42.07
    L2 Cache Throughput               %         21.59
    SM Active Cycles              cycle 47,168,929.57
    Compute (SM) Throughput           %         61.06
    ----------------------- ----------- -------------

    OPT   Compute is more heavily utilized than Memory: Look at the Compute Workload Analysis section to see what the   
          compute pipelines are spending their time doing. Also, consider whether any computation is redundant and      
          could be reduced or moved to look-up tables.                                                                  

    Section: Memory Workload Analysis
    --------------------------------------- ----------- ------------
    Metric Name                             Metric Unit Metric Value
    --------------------------------------- ----------- ------------
    Local Memory Spilling Requests                                 0
    Local Memory Spilling Request Overhead            %            0
    L2 Sector Promotion Misses                        %            0
    Shared Memory Spilling Requests                                0
    Shared Memory Spilling Request Overhead           %            0
    Memory Throughput                           Gbyte/s        11.41
    Mem Busy                                          %        41.44
    Max Bandwidth                                     %        38.06
    L1/TEX Hit Rate                                   %        37.80
    L2 Persisting Size                            Mbyte         7.86
    L2 Compression Success Rate                       %            0
    L2 Compression Ratio                                           0
    L2 Compression Input Sectors                 sector            0
    L2 Hit Rate                                       %        98.76
    Mem Pipes Busy                                    %        19.03
    --------------------------------------- ----------- ------------

    Section: Scheduler Statistics
    ---------------------------- ----------- ------------
    Metric Name                  Metric Unit Metric Value
    ---------------------------- ----------- ------------
    One or More Eligible                   %        40.81
    Issued Warp Per Scheduler                        0.41
    No Eligible                            %        59.19
    Active Warps Per Scheduler          warp         1.98
    Eligible Warps Per Scheduler        warp         0.54
    ---------------------------- ----------- ------------

    OPT   Est. Local Speedup: 38.94%                                                                                    
          Every scheduler is capable of issuing one instruction per cycle, but for this workload each scheduler only    
          issues an instruction every 2.5 cycles. This might leave hardware resources underutilized and may lead to     
          less optimal performance. Out of the maximum of 16 warps per scheduler, this workload allocates an average    
          of 1.98 active warps per scheduler, but only an average of 0.54 warps were eligible per cycle. Eligible       
          warps are the subset of active warps that are ready to issue their next instruction. Every cycle with no      
          eligible warp results in no instruction being issued and the issue slot remains unused. To increase the       
          number of eligible warps, avoid possible load imbalances due to highly different execution durations per      
          warp. Reducing stalls indicated on the Warp State Statistics and Source Counters sections can help, too.      

    Section: Warp State Statistics
    ---------------------------------------- ----------- ------------
    Metric Name                              Metric Unit Metric Value
    ---------------------------------------- ----------- ------------
    Warp Cycles Per Issued Instruction             cycle         4.84
    Warp Cycles Per Executed Instruction           cycle         4.84
    Avg. Active Threads Per Warp                                32.00
    Avg. Not Predicated Off Threads Per Warp                    31.83
    ---------------------------------------- ----------- ------------

    WRN   The optional metric smsp__pcsamp_sample_count could not be found. Collecting it as an additional metric could 
          enable the rule to provide more guidance.                                                                     
    ----- --------------------------------------------------------------------------------------------------------------
    OPT   Est. Speedup: 36.48%                                                                                          
          On average, each warp of this workload spends 1.8 cycles being stalled waiting on a fixed latency execution   
          dependency. Typically, this stall reason should be very low and only shows up as a top contributor in         
          already highly optimized kernels. Try to hide the corresponding instruction latencies by increasing the       
          number of active warps, restructuring the code or unrolling loops. Furthermore, consider switching to         
          lower-latency instructions, e.g. by making use of fast math compiler options. This stall type represents      
          about 36.5% of the total average of 4.8 cycles between issuing two instructions.                              
    ----- --------------------------------------------------------------------------------------------------------------
    INF   Check the Warp Stall Sampling (All Samples) table for the top stall locations in your source based on         
          sampling data. The Profiling Guide                                                                            
          (https://docs.nvidia.com/nsight-compute/ProfilingGuide/index.html#metrics-reference) provides more details    
          on each stall reason.                                                                                         

    Section: Instruction Statistics
    ---------------------------------------- ----------- -------------
    Metric Name                              Metric Unit  Metric Value
    ---------------------------------------- ----------- -------------
    Local Memory Spilling Requests                  byte             0
    Shared Memory Spilling Requests                 byte             0
    Avg. Executed Instructions Per Scheduler        inst 19,248,718.31
    Executed Instructions                           inst 8,315,446,312
    Avg. Issued Instructions Per Scheduler          inst 19,248,763.31
    Issued Instructions                             inst 8,315,465,752
    ---------------------------------------- ----------- -------------

    OPT   Est. Local Speedup: 30.12%                                                                                    
          This workload executes 814053504 fused and 1233470592 non-fused FP32 instructions. By converting pairs of     
          non-fused instructions to their fused                                                                         
          (https://docs.nvidia.com/cuda/floating-point/#cuda-and-floating-point), higher-throughput equivalent, the     
          achieved FP32 performance could be increased by up to 30% (relative to its current performance).              

    Section: Launch Statistics
    -------------------------------- --------------- ---------------
    Metric Name                          Metric Unit    Metric Value
    -------------------------------- --------------- ---------------
    Block Size                                                   128
    Function Cache Configuration                     CachePreferNone
    Grid Size                                                  3,512
    Registers Per Thread             register/thread             255
    Shared Memory Configuration Size           Kbyte          102.40
    Driver Shared Memory Per Block       Kbyte/block            1.02
    Dynamic Shared Memory Per Block      Kbyte/block           49.15
    Static Shared Memory Per Block        byte/block               0
    # SMs                                         SM             108
    Stack Size                                                 1,024
    Threads                                   thread         449,536
    # TPCs                                                        54
    Enabled TPC IDs                                              all
    Uses Green Context                                             0
    Waves Per SM                                               16.26
    -------------------------------- --------------- ---------------

    Section: Occupancy
    ------------------------------- ----------- ------------
    Metric Name                     Metric Unit Metric Value
    ------------------------------- ----------- ------------
    Block Limit SM                        block           32
    Block Limit Registers                 block            2
    Block Limit Shared Mem                block            2
    Block Limit Warps                     block           16
    Theoretical Active Warps per SM        warp            8
    Theoretical Occupancy                     %        12.50
    Achieved Occupancy                        %        12.35
    Achieved Active Warps Per SM           warp         7.91
    ------------------------------- ----------- ------------

    OPT   Est. Speedup: 38.94%                                                                                          
          The 2.00 theoretical warps per scheduler this kernel can issue according to its occupancy are below the       
          hardware maximum of 16. This kernel's theoretical occupancy (12.5%) is limited by the number of required      
          registers, and the required amount of shared memory.                                                          

=============== cqsa_cuda_next_v3 pattern=plain causal=0
[3008255] python3.11@127.0.0.1
  void flash_fwd_kernel<Flash_fwd_kernel_traits<64, 128, 128, 4, 0, 0, half_t, Flash_kernel_traits<64, 128, 128, 4, half_t>>, 0, 0, 0, 0, 0, 1, 0, 0>(Flash_fwd_params) (439, 1, 8)x(128, 1, 1), Context 1, Stream 7, Device 0, CC 8.0

    NVTX Push/Pop Stack for Thread 3008255:
      <default domain>
        <0,measure>
    Section: GPU Speed Of Light Throughput
    ----------------------- ----------- -------------
    Metric Name             Metric Unit  Metric Value
    ----------------------- ----------- -------------
    DRAM Frequency                  Ghz          1.51
    SM Frequency                    Ghz          1.06
    Elapsed Cycles                cycle    58,506,996
    Memory Throughput                 %         42.65
    DRAM Throughput                   %          0.57
    Duration                         ms         54.94
    L1/TEX Cache Throughput           %         43.30
    L2 Cache Throughput               %         27.61
    SM Active Cycles              cycle 57,593,195.43
    Compute (SM) Throughput           %         50.00
    ----------------------- ----------- -------------

    OPT   This workload exhibits low compute throughput and memory bandwidth utilization relative to the peak           
          performance of this device. Achieved compute throughput and/or memory bandwidth below 60.0% of peak           
          typically indicate latency issues. Look at Scheduler Statistics and Warp State Statistics for potential       
          reasons.                                                                                                      

    Section: Memory Workload Analysis
    --------------------------------------- ----------- ------------
    Metric Name                             Metric Unit Metric Value
    --------------------------------------- ----------- ------------
    Local Memory Spilling Requests                                 0
    Local Memory Spilling Request Overhead            %            0
    L2 Sector Promotion Misses                        %         0.00
    Shared Memory Spilling Requests                                0
    Shared Memory Spilling Request Overhead           %            0
    Memory Throughput                           Gbyte/s        11.07
    Mem Busy                                          %        42.65
    Max Bandwidth                                     %        37.32
    L1/TEX Hit Rate                                   %        63.16
    L2 Persisting Size                            Mbyte         7.86
    L2 Compression Success Rate                       %            0
    L2 Compression Ratio                                           0
    L2 Compression Input Sectors                 sector            0
    L2 Hit Rate                                       %        98.73
    Mem Pipes Busy                                    %        20.63
    --------------------------------------- ----------- ------------

    Section: Scheduler Statistics
    ---------------------------- ----------- ------------
    Metric Name                  Metric Unit Metric Value
    ---------------------------- ----------- ------------
    One or More Eligible                   %        33.14
    Issued Warp Per Scheduler                        0.33
    No Eligible                            %        66.86
    Active Warps Per Scheduler          warp         1.98
    Eligible Warps Per Scheduler        warp         0.40
    ---------------------------- ----------- ------------

    OPT   Est. Local Speedup: 50%                                                                                       
          Every scheduler is capable of issuing one instruction per cycle, but for this workload each scheduler only    
          issues an instruction every 3.0 cycles. This might leave hardware resources underutilized and may lead to     
          less optimal performance. Out of the maximum of 16 warps per scheduler, this workload allocates an average    
          of 1.98 active warps per scheduler, but only an average of 0.40 warps were eligible per cycle. Eligible       
          warps are the subset of active warps that are ready to issue their next instruction. Every cycle with no      
          eligible warp results in no instruction being issued and the issue slot remains unused. To increase the       
          number of eligible warps, avoid possible load imbalances due to highly different execution durations per      
          warp. Reducing stalls indicated on the Warp State Statistics and Source Counters sections can help, too.      

    Section: Warp State Statistics
    ---------------------------------------- ----------- ------------
    Metric Name                              Metric Unit Metric Value
    ---------------------------------------- ----------- ------------
    Warp Cycles Per Issued Instruction             cycle         5.96
    Warp Cycles Per Executed Instruction           cycle         5.96
    Avg. Active Threads Per Warp                                32.00
    Avg. Not Predicated Off Threads Per Warp                    31.73
    ---------------------------------------- ----------- ------------

    WRN   The optional metric smsp__pcsamp_sample_count could not be found. Collecting it as an additional metric could 
          enable the rule to provide more guidance.                                                                     
    ----- --------------------------------------------------------------------------------------------------------------
    OPT   Est. Speedup: 44.65%                                                                                          
          On average, each warp of this workload spends 2.7 cycles being stalled waiting on a fixed latency execution   
          dependency. Typically, this stall reason should be very low and only shows up as a top contributor in         
          already highly optimized kernels. Try to hide the corresponding instruction latencies by increasing the       
          number of active warps, restructuring the code or unrolling loops. Furthermore, consider switching to         
          lower-latency instructions, e.g. by making use of fast math compiler options. This stall type represents      
          about 44.7% of the total average of 6.0 cycles between issuing two instructions.                              
    ----- --------------------------------------------------------------------------------------------------------------
    INF   Check the Warp Stall Sampling (All Samples) table for the top stall locations in your source based on         
          sampling data. The Profiling Guide                                                                            
          (https://docs.nvidia.com/nsight-compute/ProfilingGuide/index.html#metrics-reference) provides more details    
          on each stall reason.                                                                                         

    Section: Instruction Statistics
    ---------------------------------------- ----------- -------------
    Metric Name                              Metric Unit  Metric Value
    ---------------------------------------- ----------- -------------
    Local Memory Spilling Requests                  byte             0
    Shared Memory Spilling Requests                 byte             0
    Avg. Executed Instructions Per Scheduler        inst 19,089,377.43
    Executed Instructions                           inst 8,246,611,048
    Avg. Issued Instructions Per Scheduler          inst 19,089,428.94
    Issued Instructions                             inst 8,246,633,304
    ---------------------------------------- ----------- -------------

    OPT   Est. Local Speedup: 30.12%                                                                                    
          This workload executes 814053504 fused and 1233470592 non-fused FP32 instructions. By converting pairs of     
          non-fused instructions to their fused                                                                         
          (https://docs.nvidia.com/cuda/floating-point/#cuda-and-floating-point), higher-throughput equivalent, the     
          achieved FP32 performance could be increased by up to 30% (relative to its current performance).              

    Section: Launch Statistics
    -------------------------------- --------------- ---------------
    Metric Name                          Metric Unit    Metric Value
    -------------------------------- --------------- ---------------
    Block Size                                                   128
    Function Cache Configuration                     CachePreferNone
    Grid Size                                                  3,512
    Registers Per Thread             register/thread             255
    Shared Memory Configuration Size           Kbyte          102.40
    Driver Shared Memory Per Block       Kbyte/block            1.02
    Dynamic Shared Memory Per Block      Kbyte/block           50.18
    Static Shared Memory Per Block        byte/block               0
    # SMs                                         SM             108
    Stack Size                                                 1,024
    Threads                                   thread         449,536
    # TPCs                                                        54
    Enabled TPC IDs                                              all
    Uses Green Context                                             0
    Waves Per SM                                               16.26
    -------------------------------- --------------- ---------------

    Section: Occupancy
    ------------------------------- ----------- ------------
    Metric Name                     Metric Unit Metric Value
    ------------------------------- ----------- ------------
    Block Limit SM                        block           32
    Block Limit Registers                 block            2
    Block Limit Shared Mem                block            2
    Block Limit Warps                     block           16
    Theoretical Active Warps per SM        warp            8
    Theoretical Occupancy                     %        12.50
    Achieved Occupancy                        %        12.36
    Achieved Active Warps Per SM           warp         7.91
    ------------------------------- ----------- ------------

    OPT   Est. Speedup: 50%                                                                                             
          The 2.00 theoretical warps per scheduler this kernel can issue according to its occupancy are below the       
          hardware maximum of 16. This kernel's theoretical occupancy (12.5%) is limited by the number of required      
          registers, and the required amount of shared memory.                                                          

=============== cqsa_cuda_next_v3 pattern=zero causal=0
[3008446] python3.11@127.0.0.1
  void flash_fwd_kernel<Flash_fwd_kernel_traits<64, 128, 128, 4, 0, 0, half_t, Flash_kernel_traits<64, 128, 128, 4, half_t>>, 0, 0, 0, 0, 0, 1, 0, 0>(Flash_fwd_params) (439, 1, 8)x(128, 1, 1), Context 1, Stream 7, Device 0, CC 8.0

    NVTX Push/Pop Stack for Thread 3008446:
      <default domain>
        <0,measure>
    Section: GPU Speed Of Light Throughput
    ----------------------- ----------- -------------
    Metric Name             Metric Unit  Metric Value
    ----------------------- ----------- -------------
    DRAM Frequency                  Ghz          1.51
    SM Frequency                    Ghz          1.06
    Elapsed Cycles                cycle    73,742,368
    Memory Throughput                 %         35.86
    DRAM Throughput                   %          0.41
    Duration                         ms         69.24
    L1/TEX Cache Throughput           %         36.45
    L2 Cache Throughput               %         21.92
    SM Active Cycles              cycle 72,525,027.11
    Compute (SM) Throughput           %         39.65
    ----------------------- ----------- -------------

    OPT   This workload exhibits low compute throughput and memory bandwidth utilization relative to the peak           
          performance of this device. Achieved compute throughput and/or memory bandwidth below 60.0% of peak           
          typically indicate latency issues. Look at Scheduler Statistics and Warp State Statistics for potential       
          reasons.                                                                                                      

    Section: Memory Workload Analysis
    --------------------------------------- ----------- ------------
    Metric Name                             Metric Unit Metric Value
    --------------------------------------- ----------- ------------
    Local Memory Spilling Requests                                 0
    Local Memory Spilling Request Overhead            %            0
    L2 Sector Promotion Misses                        %         0.01
    Shared Memory Spilling Requests                                0
    Shared Memory Spilling Request Overhead           %            0
    Memory Throughput                           Gbyte/s         7.89
    Mem Busy                                          %        35.86
    Max Bandwidth                                     %        31.45
    L1/TEX Hit Rate                                   %        63.69
    L2 Persisting Size                            Mbyte         7.86
    L2 Compression Success Rate                       %            0
    L2 Compression Ratio                                           0
    L2 Compression Input Sectors                 sector            0
    L2 Hit Rate                                       %        99.00
    Mem Pipes Busy                                    %        17.52
    --------------------------------------- ----------- ------------

    Section: Scheduler Statistics
    ---------------------------- ----------- ------------
    Metric Name                  Metric Unit Metric Value
    ---------------------------- ----------- ------------
    One or More Eligible                   %        33.70
    Issued Warp Per Scheduler                        0.34
    No Eligible                            %        66.30
    Active Warps Per Scheduler          warp         1.97
    Eligible Warps Per Scheduler        warp         0.40
    ---------------------------- ----------- ------------

    OPT   Est. Local Speedup: 60.35%                                                                                    
          Every scheduler is capable of issuing one instruction per cycle, but for this workload each scheduler only    
          issues an instruction every 3.0 cycles. This might leave hardware resources underutilized and may lead to     
          less optimal performance. Out of the maximum of 16 warps per scheduler, this workload allocates an average    
          of 1.97 active warps per scheduler, but only an average of 0.40 warps were eligible per cycle. Eligible       
          warps are the subset of active warps that are ready to issue their next instruction. Every cycle with no      
          eligible warp results in no instruction being issued and the issue slot remains unused. To increase the       
          number of eligible warps, avoid possible load imbalances due to highly different execution durations per      
          warp. Reducing stalls indicated on the Warp State Statistics and Source Counters sections can help, too.      

    Section: Warp State Statistics
    ---------------------------------------- ----------- ------------
    Metric Name                              Metric Unit Metric Value
    ---------------------------------------- ----------- ------------
    Warp Cycles Per Issued Instruction             cycle         5.86
    Warp Cycles Per Executed Instruction           cycle         5.86
    Avg. Active Threads Per Warp                                32.00
    Avg. Not Predicated Off Threads Per Warp                    30.65
    ---------------------------------------- ----------- ------------

    WRN   The optional metric smsp__pcsamp_sample_count could not be found. Collecting it as an additional metric could 
          enable the rule to provide more guidance.                                                                     
    ----- --------------------------------------------------------------------------------------------------------------
    OPT   Est. Speedup: 47.52%                                                                                          
          On average, each warp of this workload spends 2.8 cycles being stalled waiting on a fixed latency execution   
          dependency. Typically, this stall reason should be very low and only shows up as a top contributor in         
          already highly optimized kernels. Try to hide the corresponding instruction latencies by increasing the       
          number of active warps, restructuring the code or unrolling loops. Furthermore, consider switching to         
          lower-latency instructions, e.g. by making use of fast math compiler options. This stall type represents      
          about 47.5% of the total average of 5.9 cycles between issuing two instructions.                              
    ----- --------------------------------------------------------------------------------------------------------------
    INF   Check the Warp Stall Sampling (All Samples) table for the top stall locations in your source based on         
          sampling data. The Profiling Guide                                                                            
          (https://docs.nvidia.com/nsight-compute/ProfilingGuide/index.html#metrics-reference) provides more details    
          on each stall reason.                                                                                         

    Section: Instruction Statistics
    ---------------------------------------- ----------- --------------
    Metric Name                              Metric Unit   Metric Value
    ---------------------------------------- ----------- --------------
    Local Memory Spilling Requests                  byte              0
    Shared Memory Spilling Requests                 byte              0
    Avg. Executed Instructions Per Scheduler        inst  24,438,786.02
    Executed Instructions                           inst 10,557,555,560
    Avg. Issued Instructions Per Scheduler          inst  24,438,837.54
    Issued Instructions                             inst 10,557,577,816
    ---------------------------------------- ----------- --------------

    OPT   Est. Local Speedup: 30.12%                                                                                    
          This workload executes 814053504 fused and 1233470592 non-fused FP32 instructions. By converting pairs of     
          non-fused instructions to their fused                                                                         
          (https://docs.nvidia.com/cuda/floating-point/#cuda-and-floating-point), higher-throughput equivalent, the     
          achieved FP32 performance could be increased by up to 30% (relative to its current performance).              

    Section: Launch Statistics
    -------------------------------- --------------- ---------------
    Metric Name                          Metric Unit    Metric Value
    -------------------------------- --------------- ---------------
    Block Size                                                   128
    Function Cache Configuration                     CachePreferNone
    Grid Size                                                  3,512
    Registers Per Thread             register/thread             255
    Shared Memory Configuration Size           Kbyte          102.40
    Driver Shared Memory Per Block       Kbyte/block            1.02
    Dynamic Shared Memory Per Block      Kbyte/block           50.18
    Static Shared Memory Per Block        byte/block               0
    # SMs                                         SM             108
    Stack Size                                                 1,024
    Threads                                   thread         449,536
    # TPCs                                                        54
    Enabled TPC IDs                                              all
    Uses Green Context                                             0
    Waves Per SM                                               16.26
    -------------------------------- --------------- ---------------

    Section: Occupancy
    ------------------------------- ----------- ------------
    Metric Name                     Metric Unit Metric Value
    ------------------------------- ----------- ------------
    Block Limit SM                        block           32
    Block Limit Registers                 block            2
    Block Limit Shared Mem                block            2
    Block Limit Warps                     block           16
    Theoretical Active Warps per SM        warp            8
    Theoretical Occupancy                     %        12.50
    Achieved Occupancy                        %        12.34
    Achieved Active Warps Per SM           warp         7.90
    ------------------------------- ----------- ------------

    OPT   Est. Speedup: 60.35%                                                                                          
          The 2.00 theoretical warps per scheduler this kernel can issue according to its occupancy are below the       
          hardware maximum of 16. This kernel's theoretical occupancy (12.5%) is limited by the number of required      
          registers, and the required amount of shared memory.                                                          

=============== cqsa_cuda_next_v3 pattern=fa2 causal=1
[3008617] python3.11@127.0.0.1
  void flash_fwd_kernel<Flash_fwd_kernel_traits<64, 128, 128, 4, 0, 0, half_t, Flash_kernel_traits<64, 128, 128, 4, half_t>>, 0, 1, 0, 0, 0, 1, 0, 0>(Flash_fwd_params) (439, 1, 8)x(128, 1, 1), Context 1, Stream 7, Device 0, CC 8.0

    NVTX Push/Pop Stack for Thread 3008617:
      <default domain>
        <0,measure>
    Section: GPU Speed Of Light Throughput
    ----------------------- ----------- -------------
    Metric Name             Metric Unit  Metric Value
    ----------------------- ----------- -------------
    DRAM Frequency                  Ghz          1.51
    SM Frequency                    Ghz          1.06
    Elapsed Cycles                cycle    23,848,654
    Memory Throughput                 %         38.68
    DRAM Throughput                   %          1.31
    Duration                         ms         22.39
    L1/TEX Cache Throughput           %         40.56
    L2 Cache Throughput               %         21.71
    SM Active Cycles              cycle 22,696,149.63
    Compute (SM) Throughput           %         61.56
    ----------------------- ----------- -------------

    OPT   Compute is more heavily utilized than Memory: Look at the Compute Workload Analysis section to see what the   
          compute pipelines are spending their time doing. Also, consider whether any computation is redundant and      
          could be reduced or moved to look-up tables.                                                                  

    Section: Memory Workload Analysis
    --------------------------------------- ----------- ------------
    Metric Name                             Metric Unit Metric Value
    --------------------------------------- ----------- ------------
    Local Memory Spilling Requests                                 0
    Local Memory Spilling Request Overhead            %            0
    L2 Sector Promotion Misses                        %            0
    Shared Memory Spilling Requests                                0
    Shared Memory Spilling Request Overhead           %            0
    Memory Throughput                           Gbyte/s        25.34
    Mem Busy                                          %        38.68
    Max Bandwidth                                     %        36.86
    L1/TEX Hit Rate                                   %        18.44
    L2 Persisting Size                            Mbyte         7.86
    L2 Compression Success Rate                       %            0
    L2 Compression Ratio                                           0
    L2 Compression Input Sectors                 sector            0
    L2 Hit Rate                                       %        94.86
    Mem Pipes Busy                                    %        18.43
    --------------------------------------- ----------- ------------

    Section: Scheduler Statistics
    ---------------------------- ----------- ------------
    Metric Name                  Metric Unit Metric Value
    ---------------------------- ----------- ------------
    One or More Eligible                   %        37.90
    Issued Warp Per Scheduler                        0.38
    No Eligible                            %        62.10
    Active Warps Per Scheduler          warp         1.97
    Eligible Warps Per Scheduler        warp         0.49
    ---------------------------- ----------- ------------

    OPT   Est. Local Speedup: 38.44%                                                                                    
          Every scheduler is capable of issuing one instruction per cycle, but for this workload each scheduler only    
          issues an instruction every 2.6 cycles. This might leave hardware resources underutilized and may lead to     
          less optimal performance. Out of the maximum of 16 warps per scheduler, this workload allocates an average    
          of 1.97 active warps per scheduler, but only an average of 0.49 warps were eligible per cycle. Eligible       
          warps are the subset of active warps that are ready to issue their next instruction. Every cycle with no      
          eligible warp results in no instruction being issued and the issue slot remains unused. To increase the       
          number of eligible warps, avoid possible load imbalances due to highly different execution durations per      
          warp. Reducing stalls indicated on the Warp State Statistics and Source Counters sections can help, too.      

    Section: Warp State Statistics
    ---------------------------------------- ----------- ------------
    Metric Name                              Metric Unit Metric Value
    ---------------------------------------- ----------- ------------
    Warp Cycles Per Issued Instruction             cycle         5.20
    Warp Cycles Per Executed Instruction           cycle         5.20
    Avg. Active Threads Per Warp                                32.00
    Avg. Not Predicated Off Threads Per Warp                    31.83
    ---------------------------------------- ----------- ------------

    WRN   The optional metric smsp__pcsamp_sample_count could not be found. Collecting it as an additional metric could 
          enable the rule to provide more guidance.                                                                     
    ----- --------------------------------------------------------------------------------------------------------------
    OPT   Est. Speedup: 38.44%                                                                                          
          On average, each warp of this workload spends 2.1 cycles being stalled waiting on a fixed latency execution   
          dependency. Typically, this stall reason should be very low and only shows up as a top contributor in         
          already highly optimized kernels. Try to hide the corresponding instruction latencies by increasing the       
          number of active warps, restructuring the code or unrolling loops. Furthermore, consider switching to         
          lower-latency instructions, e.g. by making use of fast math compiler options. This stall type represents      
          about 40.6% of the total average of 5.2 cycles between issuing two instructions.                              
    ----- --------------------------------------------------------------------------------------------------------------
    INF   Check the Warp Stall Sampling (All Samples) table for the top stall locations in your source based on         
          sampling data. The Profiling Guide                                                                            
          (https://docs.nvidia.com/nsight-compute/ProfilingGuide/index.html#metrics-reference) provides more details    
          on each stall reason.                                                                                         

    Section: Instruction Statistics
    ---------------------------------------- ----------- -------------
    Metric Name                              Metric Unit  Metric Value
    ---------------------------------------- ----------- -------------
    Local Memory Spilling Requests                  byte             0
    Shared Memory Spilling Requests                 byte             0
    Avg. Executed Instructions Per Scheduler        inst  8,598,998.76
    Executed Instructions                           inst 3,714,767,464
    Avg. Issued Instructions Per Scheduler          inst  8,599,049.76
    Issued Instructions                             inst 3,714,789,496
    ---------------------------------------- ----------- -------------

    OPT   Est. Local Speedup: 30.12%                                                                                    
          This workload executes 407953920 fused and 618168192 non-fused FP32 instructions. By converting pairs of      
          non-fused instructions to their fused                                                                         
          (https://docs.nvidia.com/cuda/floating-point/#cuda-and-floating-point), higher-throughput equivalent, the     
          achieved FP32 performance could be increased by up to 30% (relative to its current performance).              

    Section: Launch Statistics
    -------------------------------- --------------- ---------------
    Metric Name                          Metric Unit    Metric Value
    -------------------------------- --------------- ---------------
    Block Size                                                   128
    Function Cache Configuration                     CachePreferNone
    Grid Size                                                  3,512
    Registers Per Thread             register/thread             255
    Shared Memory Configuration Size           Kbyte          102.40
    Driver Shared Memory Per Block       Kbyte/block            1.02
    Dynamic Shared Memory Per Block      Kbyte/block           49.15
    Static Shared Memory Per Block        byte/block               0
    # SMs                                         SM             108
    Stack Size                                                 1,024
    Threads                                   thread         449,536
    # TPCs                                                        54
    Enabled TPC IDs                                              all
    Uses Green Context                                             0
    Waves Per SM                                               16.26
    -------------------------------- --------------- ---------------

    Section: Occupancy
    ------------------------------- ----------- ------------
    Metric Name                     Metric Unit Metric Value
    ------------------------------- ----------- ------------
    Block Limit SM                        block           32
    Block Limit Registers                 block            2
    Block Limit Shared Mem                block            2
    Block Limit Warps                     block           16
    Theoretical Active Warps per SM        warp            8
    Theoretical Occupancy                     %        12.50
    Achieved Occupancy                        %        12.30
    Achieved Active Warps Per SM           warp         7.88
    ------------------------------- ----------- ------------

    OPT   Est. Speedup: 38.44%                                                                                          
          The 2.00 theoretical warps per scheduler this kernel can issue according to its occupancy are below the       
          hardware maximum of 16. This kernel's theoretical occupancy (12.5%) is limited by the number of required      
          registers, and the required amount of shared memory.                                                          

=============== cqsa_cuda_next_v3 pattern=plain causal=1
[3008788] python3.11@127.0.0.1
  void flash_fwd_kernel<Flash_fwd_kernel_traits<64, 128, 128, 4, 0, 0, half_t, Flash_kernel_traits<64, 128, 128, 4, half_t>>, 0, 1, 0, 0, 0, 1, 0, 0>(Flash_fwd_params) (439, 1, 8)x(128, 1, 1), Context 1, Stream 7, Device 0, CC 8.0

    NVTX Push/Pop Stack for Thread 3008788:
      <default domain>
        <0,measure>
    Section: GPU Speed Of Light Throughput
    ----------------------- ----------- -------------
    Metric Name             Metric Unit  Metric Value
    ----------------------- ----------- -------------
    DRAM Frequency                  Ghz          1.51
    SM Frequency                    Ghz          1.06
    Elapsed Cycles                cycle    31,704,008
    Memory Throughput                 %         39.44
    DRAM Throughput                   %          2.46
    Duration                         ms         29.77
    L1/TEX Cache Throughput           %         41.18
    L2 Cache Throughput               %         30.14
    SM Active Cycles              cycle 30,395,780.45
    Compute (SM) Throughput           %         46.17
    ----------------------- ----------- -------------

    OPT   This workload exhibits low compute throughput and memory bandwidth utilization relative to the peak           
          performance of this device. Achieved compute throughput and/or memory bandwidth below 60.0% of peak           
          typically indicate latency issues. Look at Scheduler Statistics and Warp State Statistics for potential       
          reasons.                                                                                                      

    Section: Memory Workload Analysis
    --------------------------------------- ----------- ------------
    Metric Name                             Metric Unit Metric Value
    --------------------------------------- ----------- ------------
    Local Memory Spilling Requests                                 0
    Local Memory Spilling Request Overhead            %            0
    L2 Sector Promotion Misses                        %         0.00
    Shared Memory Spilling Requests                                0
    Shared Memory Spilling Request Overhead           %            0
    Memory Throughput                           Gbyte/s        47.57
    Mem Busy                                          %        39.44
    Max Bandwidth                                     %        34.27
    L1/TEX Hit Rate                                   %        62.92
    L2 Persisting Size                            Mbyte         7.86
    L2 Compression Success Rate                       %            0
    L2 Compression Ratio                                           0
    L2 Compression Input Sectors                 sector            0
    L2 Hit Rate                                       %        94.07
    Mem Pipes Busy                                    %        18.37
    --------------------------------------- ----------- ------------

    Section: Scheduler Statistics
    ---------------------------- ----------- ------------
    Metric Name                  Metric Unit Metric Value
    ---------------------------- ----------- ------------
    One or More Eligible                   %        30.88
    Issued Warp Per Scheduler                        0.31
    No Eligible                            %        69.12
    Active Warps Per Scheduler          warp         1.96
    Eligible Warps Per Scheduler        warp         0.37
    ---------------------------- ----------- ------------

    OPT   Est. Local Speedup: 53.83%                                                                                    
          Every scheduler is capable of issuing one instruction per cycle, but for this workload each scheduler only    
          issues an instruction every 3.2 cycles. This might leave hardware resources underutilized and may lead to     
          less optimal performance. Out of the maximum of 16 warps per scheduler, this workload allocates an average    
          of 1.96 active warps per scheduler, but only an average of 0.37 warps were eligible per cycle. Eligible       
          warps are the subset of active warps that are ready to issue their next instruction. Every cycle with no      
          eligible warp results in no instruction being issued and the issue slot remains unused. To increase the       
          number of eligible warps, avoid possible load imbalances due to highly different execution durations per      
          warp. Reducing stalls indicated on the Warp State Statistics and Source Counters sections can help, too.      

    Section: Warp State Statistics
    ---------------------------------------- ----------- ------------
    Metric Name                              Metric Unit Metric Value
    ---------------------------------------- ----------- ------------
    Warp Cycles Per Issued Instruction             cycle         6.35
    Warp Cycles Per Executed Instruction           cycle         6.35
    Avg. Active Threads Per Warp                                32.00
    Avg. Not Predicated Off Threads Per Warp                    31.72
    ---------------------------------------- ----------- ------------

    WRN   The optional metric smsp__pcsamp_sample_count could not be found. Collecting it as an additional metric could 
          enable the rule to provide more guidance.                                                                     
    ----- --------------------------------------------------------------------------------------------------------------
    OPT   Est. Speedup: 42.57%                                                                                          
          On average, each warp of this workload spends 2.7 cycles being stalled waiting on a fixed latency execution   
          dependency. Typically, this stall reason should be very low and only shows up as a top contributor in         
          already highly optimized kernels. Try to hide the corresponding instruction latencies by increasing the       
          number of active warps, restructuring the code or unrolling loops. Furthermore, consider switching to         
          lower-latency instructions, e.g. by making use of fast math compiler options. This stall type represents      
          about 42.6% of the total average of 6.4 cycles between issuing two instructions.                              
    ----- --------------------------------------------------------------------------------------------------------------
    INF   Check the Warp Stall Sampling (All Samples) table for the top stall locations in your source based on         
          sampling data. The Profiling Guide                                                                            
          (https://docs.nvidia.com/nsight-compute/ProfilingGuide/index.html#metrics-reference) provides more details    
          on each stall reason.                                                                                         

    Section: Instruction Statistics
    ---------------------------------------- ----------- -------------
    Metric Name                              Metric Unit  Metric Value
    ---------------------------------------- ----------- -------------
    Local Memory Spilling Requests                  byte             0
    Shared Memory Spilling Requests                 byte             0
    Avg. Executed Instructions Per Scheduler        inst  9,393,339.28
    Executed Instructions                           inst 4,057,922,568
    Avg. Issued Instructions Per Scheduler          inst  9,393,423.02
    Issued Instructions                             inst 4,057,958,744
    ---------------------------------------- ----------- -------------

    OPT   Est. Local Speedup: 30.12%                                                                                    
          This workload executes 407953920 fused and 618168192 non-fused FP32 instructions. By converting pairs of      
          non-fused instructions to their fused                                                                         
          (https://docs.nvidia.com/cuda/floating-point/#cuda-and-floating-point), higher-throughput equivalent, the     
          achieved FP32 performance could be increased by up to 30% (relative to its current performance).              

    Section: Launch Statistics
    -------------------------------- --------------- ---------------
    Metric Name                          Metric Unit    Metric Value
    -------------------------------- --------------- ---------------
    Block Size                                                   128
    Function Cache Configuration                     CachePreferNone
    Grid Size                                                  3,512
    Registers Per Thread             register/thread             255
    Shared Memory Configuration Size           Kbyte          102.40
    Driver Shared Memory Per Block       Kbyte/block            1.02
    Dynamic Shared Memory Per Block      Kbyte/block           50.18
    Static Shared Memory Per Block        byte/block               0
    # SMs                                         SM             108
    Stack Size                                                 1,024
    Threads                                   thread         449,536
    # TPCs                                                        54
    Enabled TPC IDs                                              all
    Uses Green Context                                             0
    Waves Per SM                                               16.26
    -------------------------------- --------------- ---------------

    Section: Occupancy
    ------------------------------- ----------- ------------
    Metric Name                     Metric Unit Metric Value
    ------------------------------- ----------- ------------
    Block Limit SM                        block           32
    Block Limit Registers                 block            2
    Block Limit Shared Mem                block            2
    Block Limit Warps                     block           16
    Theoretical Active Warps per SM        warp            8
    Theoretical Occupancy                     %        12.50
    Achieved Occupancy                        %        12.27
    Achieved Active Warps Per SM           warp         7.86
    ------------------------------- ----------- ------------

    OPT   Est. Speedup: 53.83%                                                                                          
          The 2.00 theoretical warps per scheduler this kernel can issue according to its occupancy are below the       
          hardware maximum of 16. This kernel's theoretical occupancy (12.5%) is limited by the number of required      
          registers, and the required amount of shared memory.                                                          

=============== cqsa_cuda_next_v3 pattern=zero causal=1
[3008958] python3.11@127.0.0.1
  void flash_fwd_kernel<Flash_fwd_kernel_traits<64, 128, 128, 4, 0, 0, half_t, Flash_kernel_traits<64, 128, 128, 4, half_t>>, 0, 1, 0, 0, 0, 1, 0, 0>(Flash_fwd_params) (439, 1, 8)x(128, 1, 1), Context 1, Stream 7, Device 0, CC 8.0

    NVTX Push/Pop Stack for Thread 3008958:
      <default domain>
        <0,measure>
    Section: GPU Speed Of Light Throughput
    ----------------------- ----------- -------------
    Metric Name             Metric Unit  Metric Value
    ----------------------- ----------- -------------
    DRAM Frequency                  Ghz          1.51
    SM Frequency                    Ghz          1.06
    Elapsed Cycles                cycle    39,699,826
    Memory Throughput                 %         33.69
    DRAM Throughput                   %          1.86
    Duration                         ms         37.28
    L1/TEX Cache Throughput           %         34.97
    L2 Cache Throughput               %         24.81
    SM Active Cycles              cycle 38,134,284.18
    Compute (SM) Throughput           %         37.02
    ----------------------- ----------- -------------

    OPT   This workload exhibits low compute throughput and memory bandwidth utilization relative to the peak           
          performance of this device. Achieved compute throughput and/or memory bandwidth below 60.0% of peak           
          typically indicate latency issues. Look at Scheduler Statistics and Warp State Statistics for potential       
          reasons.                                                                                                      

    Section: Memory Workload Analysis
    --------------------------------------- ----------- ------------
    Metric Name                             Metric Unit Metric Value
    --------------------------------------- ----------- ------------
    Local Memory Spilling Requests                                 0
    Local Memory Spilling Request Overhead            %            0
    L2 Sector Promotion Misses                        %         0.01
    Shared Memory Spilling Requests                                0
    Shared Memory Spilling Request Overhead           %            0
    Memory Throughput                           Gbyte/s        36.07
    Mem Busy                                          %        33.69
    Max Bandwidth                                     %        29.27
    L1/TEX Hit Rate                                   %        63.88
    L2 Persisting Size                            Mbyte         7.86
    L2 Compression Success Rate                       %            0
    L2 Compression Ratio                                           0
    L2 Compression Input Sectors                 sector            0
    L2 Hit Rate                                       %        94.35
    Mem Pipes Busy                                    %        15.95
    --------------------------------------- ----------- ------------

    Section: Scheduler Statistics
    ---------------------------- ----------- ------------
    Metric Name                  Metric Unit Metric Value
    ---------------------------- ----------- ------------
    One or More Eligible                   %        31.69
    Issued Warp Per Scheduler                        0.32
    No Eligible                            %        68.31
    Active Warps Per Scheduler          warp         1.96
    Eligible Warps Per Scheduler        warp         0.37
    ---------------------------- ----------- ------------

    OPT   Est. Local Speedup: 62.98%                                                                                    
          Every scheduler is capable of issuing one instruction per cycle, but for this workload each scheduler only    
          issues an instruction every 3.2 cycles. This might leave hardware resources underutilized and may lead to     
          less optimal performance. Out of the maximum of 16 warps per scheduler, this workload allocates an average    
          of 1.96 active warps per scheduler, but only an average of 0.37 warps were eligible per cycle. Eligible       
          warps are the subset of active warps that are ready to issue their next instruction. Every cycle with no      
          eligible warp results in no instruction being issued and the issue slot remains unused. To increase the       
          number of eligible warps, avoid possible load imbalances due to highly different execution durations per      
          warp. Reducing stalls indicated on the Warp State Statistics and Source Counters sections can help, too.      

    Section: Warp State Statistics
    ---------------------------------------- ----------- ------------
    Metric Name                              Metric Unit Metric Value
    ---------------------------------------- ----------- ------------
    Warp Cycles Per Issued Instruction             cycle         6.19
    Warp Cycles Per Executed Instruction           cycle         6.19
    Avg. Active Threads Per Warp                                32.00
    Avg. Not Predicated Off Threads Per Warp                    30.64
    ---------------------------------------- ----------- ------------

    WRN   The optional metric smsp__pcsamp_sample_count could not be found. Collecting it as an additional metric could 
          enable the rule to provide more guidance.                                                                     
    ----- --------------------------------------------------------------------------------------------------------------
    OPT   Est. Speedup: 46.39%                                                                                          
          On average, each warp of this workload spends 2.9 cycles being stalled waiting on a fixed latency execution   
          dependency. Typically, this stall reason should be very low and only shows up as a top contributor in         
          already highly optimized kernels. Try to hide the corresponding instruction latencies by increasing the       
          number of active warps, restructuring the code or unrolling loops. Furthermore, consider switching to         
          lower-latency instructions, e.g. by making use of fast math compiler options. This stall type represents      
          about 46.4% of the total average of 6.2 cycles between issuing two instructions.                              
    ----- --------------------------------------------------------------------------------------------------------------
    INF   Check the Warp Stall Sampling (All Samples) table for the top stall locations in your source based on         
          sampling data. The Profiling Guide                                                                            
          (https://docs.nvidia.com/nsight-compute/ProfilingGuide/index.html#metrics-reference) provides more details    
          on each stall reason.                                                                                         

    Section: Instruction Statistics
    ---------------------------------------- ----------- -------------
    Metric Name                              Metric Unit  Metric Value
    ---------------------------------------- ----------- -------------
    Local Memory Spilling Requests                  byte             0
    Shared Memory Spilling Requests                 byte             0
    Avg. Executed Instructions Per Scheduler        inst 12,076,965.43
    Executed Instructions                           inst 5,217,249,064
    Avg. Issued Instructions Per Scheduler          inst 12,077,049.17
    Issued Instructions                             inst 5,217,285,240
    ---------------------------------------- ----------- -------------

    OPT   Est. Local Speedup: 30.12%                                                                                    
          This workload executes 407953920 fused and 618168192 non-fused FP32 instructions. By converting pairs of      
          non-fused instructions to their fused                                                                         
          (https://docs.nvidia.com/cuda/floating-point/#cuda-and-floating-point), higher-throughput equivalent, the     
          achieved FP32 performance could be increased by up to 30% (relative to its current performance).              

    Section: Launch Statistics
    -------------------------------- --------------- ---------------
    Metric Name                          Metric Unit    Metric Value
    -------------------------------- --------------- ---------------
    Block Size                                                   128
    Function Cache Configuration                     CachePreferNone
    Grid Size                                                  3,512
    Registers Per Thread             register/thread             255
    Shared Memory Configuration Size           Kbyte          102.40
    Driver Shared Memory Per Block       Kbyte/block            1.02
    Dynamic Shared Memory Per Block      Kbyte/block           50.18
    Static Shared Memory Per Block        byte/block               0
    # SMs                                         SM             108
    Stack Size                                                 1,024
    Threads                                   thread         449,536
    # TPCs                                                        54
    Enabled TPC IDs                                              all
    Uses Green Context                                             0
    Waves Per SM                                               16.26
    -------------------------------- --------------- ---------------

    Section: Occupancy
    ------------------------------- ----------- ------------
    Metric Name                     Metric Unit Metric Value
    ------------------------------- ----------- ------------
    Block Limit SM                        block           32
    Block Limit Registers                 block            2
    Block Limit Shared Mem                block            2
    Block Limit Warps                     block           16
    Theoretical Active Warps per SM        warp            8
    Theoretical Occupancy                     %        12.50
    Achieved Occupancy                        %        12.26
    Achieved Active Warps Per SM           warp         7.84
    ------------------------------- ----------- ------------

    OPT   Est. Speedup: 62.98%                                                                                          
          The 2.00 theoretical warps per scheduler this kernel can issue according to its occupancy are below the       
          hardware maximum of 16. This kernel's theoretical occupancy (12.5%) is limited by the number of required      
          registers, and the required amount of shared memory.                                                          

=============== cqsa_cuda_next_v3 pattern=real causal=1
[3009136] python3.11@127.0.0.1
  void flash_fwd_kernel<Flash_fwd_kernel_traits<64, 128, 128, 4, 0, 0, half_t, Flash_kernel_traits<64, 128, 128, 4, half_t>>, 0, 1, 0, 0, 0, 1, 0, 0>(Flash_fwd_params) (439, 1, 8)x(128, 1, 1), Context 1, Stream 7, Device 0, CC 8.0

    NVTX Push/Pop Stack for Thread 3009136:
      <default domain>
        <0,measure>
    Section: GPU Speed Of Light Throughput
    ----------------------- ----------- -------------
    Metric Name             Metric Unit  Metric Value
    ----------------------- ----------- -------------
    DRAM Frequency                  Ghz          1.51
    SM Frequency                    Ghz          1.06
    Elapsed Cycles                cycle    45,394,391
    Memory Throughput                 %         24.52
    DRAM Throughput                   %          0.88
    Duration                         ms         42.62
    L1/TEX Cache Throughput           %         29.65
    L2 Cache Throughput               %         15.73
    SM Active Cycles              cycle 37,274,222.61
    Compute (SM) Throughput           %         25.58
    ----------------------- ----------- -------------

    OPT   This workload exhibits low compute throughput and memory bandwidth utilization relative to the peak           
          performance of this device. Achieved compute throughput and/or memory bandwidth below 60.0% of peak           
          typically indicate latency issues. Look at Scheduler Statistics and Warp State Statistics for potential       
          reasons.                                                                                                      

    Section: Memory Workload Analysis
    --------------------------------------- ----------- ------------
    Metric Name                             Metric Unit Metric Value
    --------------------------------------- ----------- ------------
    Local Memory Spilling Requests                                 0
    Local Memory Spilling Request Overhead            %            0
    L2 Sector Promotion Misses                        %         0.03
    Shared Memory Spilling Requests                                0
    Shared Memory Spilling Request Overhead           %            0
    Memory Throughput                           Gbyte/s        16.98
    Mem Busy                                          %        24.52
    Max Bandwidth                                     %        21.33
    L1/TEX Hit Rate                                   %        64.18
    L2 Persisting Size                            Mbyte         7.86
    L2 Compression Success Rate                       %            0
    L2 Compression Ratio                                           0
    L2 Compression Input Sectors                 sector            0
    L2 Hit Rate                                       %        97.41
    Mem Pipes Busy                                    %        11.81
    --------------------------------------- ----------- ------------

    Section: Scheduler Statistics
    ---------------------------- ----------- ------------
    Metric Name                  Metric Unit Metric Value
    ---------------------------- ----------- ------------
    One or More Eligible                   %        30.40
    Issued Warp Per Scheduler                        0.30
    No Eligible                            %        69.60
    Active Warps Per Scheduler          warp         1.96
    Eligible Warps Per Scheduler        warp         0.36
    ---------------------------- ----------- ------------

    OPT   Est. Local Speedup: 69.6%                                                                                     
          Every scheduler is capable of issuing one instruction per cycle, but for this workload each scheduler only    
          issues an instruction every 3.3 cycles. This might leave hardware resources underutilized and may lead to     
          less optimal performance. Out of the maximum of 16 warps per scheduler, this workload allocates an average    
          of 1.96 active warps per scheduler, but only an average of 0.36 warps were eligible per cycle. Eligible       
          warps are the subset of active warps that are ready to issue their next instruction. Every cycle with no      
          eligible warp results in no instruction being issued and the issue slot remains unused. To increase the       
          number of eligible warps, avoid possible load imbalances due to highly different execution durations per      
          warp. Reducing stalls indicated on the Warp State Statistics and Source Counters sections can help, too.      

    Section: Warp State Statistics
    ---------------------------------------- ----------- ------------
    Metric Name                              Metric Unit Metric Value
    ---------------------------------------- ----------- ------------
    Warp Cycles Per Issued Instruction             cycle         6.45
    Warp Cycles Per Executed Instruction           cycle         6.45
    Avg. Active Threads Per Warp                                32.00
    Avg. Not Predicated Off Threads Per Warp                    29.90
    ---------------------------------------- ----------- ------------

    WRN   The optional metric smsp__pcsamp_sample_count could not be found. Collecting it as an additional metric could 
          enable the rule to provide more guidance.                                                                     
    ----- --------------------------------------------------------------------------------------------------------------
    OPT   Est. Speedup: 44.55%                                                                                          
          On average, each warp of this workload spends 2.9 cycles being stalled waiting on a fixed latency execution   
          dependency. Typically, this stall reason should be very low and only shows up as a top contributor in         
          already highly optimized kernels. Try to hide the corresponding instruction latencies by increasing the       
          number of active warps, restructuring the code or unrolling loops. Furthermore, consider switching to         
          lower-latency instructions, e.g. by making use of fast math compiler options. This stall type represents      
          about 44.5% of the total average of 6.5 cycles between issuing two instructions.                              
    ----- --------------------------------------------------------------------------------------------------------------
    INF   Check the Warp Stall Sampling (All Samples) table for the top stall locations in your source based on         
          sampling data. The Profiling Guide                                                                            
          (https://docs.nvidia.com/nsight-compute/ProfilingGuide/index.html#metrics-reference) provides more details    
          on each stall reason.                                                                                         

    Section: Instruction Statistics
    ---------------------------------------- ----------- -------------
    Metric Name                              Metric Unit  Metric Value
    ---------------------------------------- ----------- -------------
    Local Memory Spilling Requests                  byte             0
    Shared Memory Spilling Requests                 byte             0
    Avg. Executed Instructions Per Scheduler        inst 11,326,971.96
    Executed Instructions                           inst 4,893,251,888
    Avg. Issued Instructions Per Scheduler          inst 11,328,559.89
    Issued Instructions                             inst 4,893,937,872
    ---------------------------------------- ----------- -------------

    OPT   Est. Local Speedup: 30.12%                                                                                    
          This workload executes 320973312 fused and 486379392 non-fused FP32 instructions. By converting pairs of      
          non-fused instructions to their fused                                                                         
          (https://docs.nvidia.com/cuda/floating-point/#cuda-and-floating-point), higher-throughput equivalent, the     
          achieved FP32 performance could be increased by up to 30% (relative to its current performance).              

    Section: Launch Statistics
    -------------------------------- --------------- ---------------
    Metric Name                          Metric Unit    Metric Value
    -------------------------------- --------------- ---------------
    Block Size                                                   128
    Function Cache Configuration                     CachePreferNone
    Grid Size                                                  3,512
    Registers Per Thread             register/thread             255
    Shared Memory Configuration Size           Kbyte          102.40
    Driver Shared Memory Per Block       Kbyte/block            1.02
    Dynamic Shared Memory Per Block      Kbyte/block           50.18
    Static Shared Memory Per Block        byte/block               0
    # SMs                                         SM             108
    Stack Size                                                 1,024
    Threads                                   thread         449,536
    # TPCs                                                        54
    Enabled TPC IDs                                              all
    Uses Green Context                                             0
    Waves Per SM                                               16.26
    -------------------------------- --------------- ---------------

    Section: Occupancy
    ------------------------------- ----------- ------------
    Metric Name                     Metric Unit Metric Value
    ------------------------------- ----------- ------------
    Block Limit SM                        block           32
    Block Limit Registers                 block            2
    Block Limit Shared Mem                block            2
    Block Limit Warps                     block           16
    Theoretical Active Warps per SM        warp            8
    Theoretical Occupancy                     %        12.50
    Achieved Occupancy                        %        12.25
    Achieved Active Warps Per SM           warp         7.84
    ------------------------------- ----------- ------------

    OPT   Est. Speedup: 69.6%                                                                                           
          The 2.00 theoretical warps per scheduler this kernel can issue according to its occupancy are below the       
          hardware maximum of 16. This kernel's theoretical occupancy (12.5%) is limited by the number of required      
          registers, and the required amount of shared memory.                                                          

