NVIDIA A100-SXM4-80GB
=============== cqsa_cuda_next_v11 pattern=zero causal=0
==WARNING== Launching the workload is taking more time than expected. If this continues to hang, terminate the profile and re-try by profiling the range of all related launches using '--replay-mode range'. See https://docs.nvidia.com/nsight-compute/ProfilingGuide/index.html#replay for more details.
...50%....100% - 17 passes
[2300857] python3.11@127.0.0.1
  void flash_fwd_kernel<Flash_fwd_kernel_traits<64, 128, 128, 4, 0, 0, half_t, Flash_kernel_traits<64, 128, 128, 4, half_t>>, 0, 0, 0, 0, 0, 1, 0, 0, 2>(Flash_fwd_params) (439, 1, 8)x(128, 1, 1), Context 1, Stream 7, Device 0, CC 8.0

    NVTX Push/Pop Stack for Thread 2300857:
      <default domain>
        <0,measure>
    Section: GPU Speed Of Light Throughput
    ----------------------- ----------- --------------
    Metric Name             Metric Unit   Metric Value
    ----------------------- ----------- --------------
    DRAM Frequency                  Ghz           1.59
    SM Frequency                    Ghz           1.27
    Elapsed Cycles                cycle    316,039,527
    Memory Throughput                 %          12.24
    DRAM Throughput                   %           1.71
    Duration                         ms         247.93
    L1/TEX Cache Throughput           %          12.47
    L2 Cache Throughput               %           9.72
    SM Active Cycles              cycle 310,086,954.33
    Compute (SM) Throughput           %          17.31
    ----------------------- ----------- --------------

    OPT   This workload exhibits low compute throughput and memory bandwidth utilization relative to the peak           
          performance of this device. Achieved compute throughput and/or memory bandwidth below 60.0% of peak           
          typically indicate latency issues. Look at Scheduler Statistics and Warp State Statistics for potential       
          reasons.                                                                                                      

    Section: Memory Workload Analysis
    --------------------------------------- ----------- ------------
    Metric Name                             Metric Unit Metric Value
    --------------------------------------- ----------- ------------
    Local Memory Spilling Requests                                 0
    Local Memory Spilling Request Overhead            %            0
    L2 Sector Promotion Misses                        %         0.01
    Shared Memory Spilling Requests                                0
    Shared Memory Spilling Request Overhead           %            0
    Memory Throughput                           Gbyte/s        34.89
    Mem Busy                                          %        12.24
    Max Bandwidth                                     %         9.89
    L1/TEX Hit Rate                                   %        34.88
    L2 Persisting Size                            Mbyte         7.86
    L2 Compression Success Rate                       %            0
    L2 Compression Ratio                                           0
    L2 Compression Input Sectors                 sector            0
    L2 Hit Rate                                       %        94.07
    Mem Pipes Busy                                    %        16.33
    --------------------------------------- ----------- ------------

    Section: Scheduler Statistics
    ---------------------------- ----------- ------------
    Metric Name                  Metric Unit Metric Value
    ---------------------------- ----------- ------------
    One or More Eligible                   %        17.68
    Issued Warp Per Scheduler                        0.18
    No Eligible                            %        82.32
    Active Warps Per Scheduler          warp         1.99
    Eligible Warps Per Scheduler        warp         0.19
    ---------------------------- ----------- ------------

    OPT   Est. Local Speedup: 82.32%                                                                                    
          Every scheduler is capable of issuing one instruction per cycle, but for this workload each scheduler only    
          issues an instruction every 5.7 cycles. This might leave hardware resources underutilized and may lead to     
          less optimal performance. Out of the maximum of 16 warps per scheduler, this workload allocates an average    
          of 1.99 active warps per scheduler, but only an average of 0.19 warps were eligible per cycle. Eligible       
          warps are the subset of active warps that are ready to issue their next instruction. Every cycle with no      
          eligible warp results in no instruction being issued and the issue slot remains unused. To increase the       
          number of eligible warps, avoid possible load imbalances due to highly different execution durations per      
          warp. Reducing stalls indicated on the Warp State Statistics and Source Counters sections can help, too.      

    Section: Warp State Statistics
    ---------------------------------------- ----------- ------------
    Metric Name                              Metric Unit Metric Value
    ---------------------------------------- ----------- ------------
    Warp Cycles Per Issued Instruction             cycle        11.28
    Warp Cycles Per Executed Instruction           cycle        11.28
    Avg. Active Threads Per Warp                                32.00
    Avg. Not Predicated Off Threads Per Warp                    31.44
    ---------------------------------------- ----------- ------------

    WRN   The optional metric smsp__pcsamp_sample_count could not be found. Collecting it as an additional metric could 
          enable the rule to provide more guidance.                                                                     
    ----- --------------------------------------------------------------------------------------------------------------
    OPT   Est. Speedup: 34.48%                                                                                          
          On average, each warp of this workload spends 3.9 cycles being stalled waiting for a branch target to be      
          computed, and the warp program counter to be updated. To reduce the number of stalled cycles, consider using  
          fewer jump/branch operations and reduce control flow divergence, e.g. by reducing or coalescing conditionals  
          in your code. See also the related No Instructions state. This stall type represents about 34.5% of the       
          total average of 11.3 cycles between issuing two instructions.                                                
    ----- --------------------------------------------------------------------------------------------------------------
    INF   Check the Warp Stall Sampling (All Samples) table for the top stall locations in your source based on         
          sampling data. The Profiling Guide                                                                            
          (https://docs.nvidia.com/nsight-compute/ProfilingGuide/index.html#metrics-reference) provides more details    
          on each stall reason.                                                                                         

    Section: Instruction Statistics
    ---------------------------------------- ----------- --------------
    Metric Name                              Metric Unit   Metric Value
    ---------------------------------------- ----------- --------------
    Local Memory Spilling Requests                  byte              0
    Shared Memory Spilling Requests                 byte              0
    Avg. Executed Instructions Per Scheduler        inst  54,633,137.70
    Executed Instructions                           inst 23,601,515,488
    Avg. Issued Instructions Per Scheduler          inst  54,647,463.69
    Issued Instructions                             inst 23,607,704,315
    ---------------------------------------- ----------- --------------

    OPT   Est. Local Speedup: 30.12%                                                                                    
          This workload executes 814053504 fused and 1233470592 non-fused FP32 instructions. By converting pairs of     
          non-fused instructions to their fused                                                                         
          (https://docs.nvidia.com/cuda/floating-point/#cuda-and-floating-point), higher-throughput equivalent, the     
          achieved FP32 performance could be increased by up to 30% (relative to its current performance).              

    Section: Launch Statistics
    -------------------------------- --------------- ---------------
    Metric Name                          Metric Unit    Metric Value
    -------------------------------- --------------- ---------------
    Block Size                                                   128
    Function Cache Configuration                     CachePreferNone
    Grid Size                                                  3,512
    Registers Per Thread             register/thread             255
    Shared Memory Configuration Size           Kbyte          102.40
    Driver Shared Memory Per Block       Kbyte/block            1.02
    Dynamic Shared Memory Per Block      Kbyte/block           50.18
    Static Shared Memory Per Block        byte/block               0
    # SMs                                         SM             108
    Stack Size                                                 1,024
    Threads                                   thread         449,536
    # TPCs                                                        54
    Enabled TPC IDs                                              all
    Uses Green Context                                             0
    Waves Per SM                                               16.26
    -------------------------------- --------------- ---------------

    Section: Occupancy
    ------------------------------- ----------- ------------
    Metric Name                     Metric Unit Metric Value
    ------------------------------- ----------- ------------
    Block Limit SM                        block           32
    Block Limit Registers                 block            2
    Block Limit Shared Mem                block            2
    Block Limit Warps                     block           16
    Theoretical Active Warps per SM        warp            8
    Theoretical Occupancy                     %        12.50
    Achieved Occupancy                        %        12.41
    Achieved Active Warps Per SM           warp         7.94
    ------------------------------- ----------- ------------

    OPT   Est. Speedup: 82.32%                                                                                          
          The 2.00 theoretical warps per scheduler this kernel can issue according to its occupancy are below the       
          hardware maximum of 16. This kernel's theoretical occupancy (12.5%) is limited by the number of required      
          registers, and the required amount of shared memory.                                                          

=============== cqsa_cuda_next_v11 pattern=zero causal=1
[2301056] python3.11@127.0.0.1
  void flash_fwd_kernel<Flash_fwd_kernel_traits<64, 128, 128, 4, 0, 0, half_t, Flash_kernel_traits<64, 128, 128, 4, half_t>>, 0, 1, 0, 0, 0, 1, 0, 0, 1>(Flash_fwd_params) (439, 1, 8)x(128, 1, 1), Context 1, Stream 7, Device 0, CC 8.0

    NVTX Push/Pop Stack for Thread 2301056:
      <default domain>
        <0,measure>
    Section: GPU Speed Of Light Throughput
    ----------------------- ----------- -------------
    Metric Name             Metric Unit  Metric Value
    ----------------------- ----------- -------------
    DRAM Frequency                  Ghz          1.59
    SM Frequency                    Ghz          1.27
    Elapsed Cycles                cycle    32,671,810
    Memory Throughput                 %         39.41
    DRAM Throughput                   %          2.27
    Duration                         ms         25.66
    L1/TEX Cache Throughput           %         41.27
    L2 Cache Throughput               %         25.85
    SM Active Cycles              cycle 31,202,073.28
    Compute (SM) Throughput           %         44.84
    ----------------------- ----------- -------------

    OPT   This workload exhibits low compute throughput and memory bandwidth utilization relative to the peak           
          performance of this device. Achieved compute throughput and/or memory bandwidth below 60.0% of peak           
          typically indicate latency issues. Look at Scheduler Statistics and Warp State Statistics for potential       
          reasons.                                                                                                      

    Section: Memory Workload Analysis
    --------------------------------------- ----------- ------------
    Metric Name                             Metric Unit Metric Value
    --------------------------------------- ----------- ------------
    Local Memory Spilling Requests                                 0
    Local Memory Spilling Request Overhead            %            0
    L2 Sector Promotion Misses                        %         0.01
    Shared Memory Spilling Requests                                0
    Shared Memory Spilling Request Overhead           %            0
    Memory Throughput                           Gbyte/s        46.38
    Mem Busy                                          %        39.41
    Max Bandwidth                                     %        34.07
    L1/TEX Hit Rate                                   %        61.85
    L2 Persisting Size                            Mbyte         7.86
    L2 Compression Success Rate                       %            0
    L2 Compression Ratio                                           0
    L2 Compression Input Sectors                 sector            0
    L2 Hit Rate                                       %        94.32
    Mem Pipes Busy                                    %        18.10
    --------------------------------------- ----------- ------------

    Section: Scheduler Statistics
    ---------------------------- ----------- ------------
    Metric Name                  Metric Unit Metric Value
    ---------------------------- ----------- ------------
    One or More Eligible                   %        29.91
    Issued Warp Per Scheduler                        0.30
    No Eligible                            %        70.09
    Active Warps Per Scheduler          warp         1.97
    Eligible Warps Per Scheduler        warp         0.35
    ---------------------------- ----------- ------------

    OPT   Est. Local Speedup: 55.16%                                                                                    
          Every scheduler is capable of issuing one instruction per cycle, but for this workload each scheduler only    
          issues an instruction every 3.3 cycles. This might leave hardware resources underutilized and may lead to     
          less optimal performance. Out of the maximum of 16 warps per scheduler, this workload allocates an average    
          of 1.97 active warps per scheduler, but only an average of 0.35 warps were eligible per cycle. Eligible       
          warps are the subset of active warps that are ready to issue their next instruction. Every cycle with no      
          eligible warp results in no instruction being issued and the issue slot remains unused. To increase the       
          number of eligible warps, avoid possible load imbalances due to highly different execution durations per      
          warp. Reducing stalls indicated on the Warp State Statistics and Source Counters sections can help, too.      

    Section: Warp State Statistics
    ---------------------------------------- ----------- ------------
    Metric Name                              Metric Unit Metric Value
    ---------------------------------------- ----------- ------------
    Warp Cycles Per Issued Instruction             cycle         6.58
    Warp Cycles Per Executed Instruction           cycle         6.58
    Avg. Active Threads Per Warp                                32.00
    Avg. Not Predicated Off Threads Per Warp                    31.42
    ---------------------------------------- ----------- ------------

    WRN   The optional metric smsp__pcsamp_sample_count could not be found. Collecting it as an additional metric could 
          enable the rule to provide more guidance.                                                                     
    ----- --------------------------------------------------------------------------------------------------------------
    OPT   Est. Speedup: 43.25%                                                                                          
          On average, each warp of this workload spends 2.8 cycles being stalled waiting on a fixed latency execution   
          dependency. Typically, this stall reason should be very low and only shows up as a top contributor in         
          already highly optimized kernels. Try to hide the corresponding instruction latencies by increasing the       
          number of active warps, restructuring the code or unrolling loops. Furthermore, consider switching to         
          lower-latency instructions, e.g. by making use of fast math compiler options. This stall type represents      
          about 43.3% of the total average of 6.6 cycles between issuing two instructions.                              
    ----- --------------------------------------------------------------------------------------------------------------
    INF   Check the Warp Stall Sampling (All Samples) table for the top stall locations in your source based on         
          sampling data. The Profiling Guide                                                                            
          (https://docs.nvidia.com/nsight-compute/ProfilingGuide/index.html#metrics-reference) provides more details    
          on each stall reason.                                                                                         

    Section: Instruction Statistics
    ---------------------------------------- ----------- -------------
    Metric Name                              Metric Unit  Metric Value
    ---------------------------------------- ----------- -------------
    Local Memory Spilling Requests                  byte             0
    Shared Memory Spilling Requests                 byte             0
    Avg. Executed Instructions Per Scheduler        inst  9,320,201.13
    Executed Instructions                           inst 4,026,326,888
    Avg. Issued Instructions Per Scheduler          inst  9,327,438.51
    Issued Instructions                             inst 4,029,453,437
    ---------------------------------------- ----------- -------------

    OPT   Est. Local Speedup: 30.12%                                                                                    
          This workload executes 407953920 fused and 618168192 non-fused FP32 instructions. By converting pairs of      
          non-fused instructions to their fused                                                                         
          (https://docs.nvidia.com/cuda/floating-point/#cuda-and-floating-point), higher-throughput equivalent, the     
          achieved FP32 performance could be increased by up to 30% (relative to its current performance).              

    Section: Launch Statistics
    -------------------------------- --------------- ---------------
    Metric Name                          Metric Unit    Metric Value
    -------------------------------- --------------- ---------------
    Block Size                                                   128
    Function Cache Configuration                     CachePreferNone
    Grid Size                                                  3,512
    Registers Per Thread             register/thread             255
    Shared Memory Configuration Size           Kbyte          102.40
    Driver Shared Memory Per Block       Kbyte/block            1.02
    Dynamic Shared Memory Per Block      Kbyte/block           50.18
    Static Shared Memory Per Block        byte/block               0
    # SMs                                         SM             108
    Stack Size                                                 1,024
    Threads                                   thread         449,536
    # TPCs                                                        54
    Enabled TPC IDs                                              all
    Uses Green Context                                             0
    Waves Per SM                                               16.26
    -------------------------------- --------------- ---------------

    Section: Occupancy
    ------------------------------- ----------- ------------
    Metric Name                     Metric Unit Metric Value
    ------------------------------- ----------- ------------
    Block Limit SM                        block           32
    Block Limit Registers                 block            2
    Block Limit Shared Mem                block            2
    Block Limit Warps                     block           16
    Theoretical Active Warps per SM        warp            8
    Theoretical Occupancy                     %        12.50
    Achieved Occupancy                        %        12.29
    Achieved Active Warps Per SM           warp         7.87
    ------------------------------- ----------- ------------

    OPT   Est. Speedup: 55.16%                                                                                          
          The 2.00 theoretical warps per scheduler this kernel can issue according to its occupancy are below the       
          hardware maximum of 16. This kernel's theoretical occupancy (12.5%) is limited by the number of required      
          registers, and the required amount of shared memory.                                                          

